Archive member included to satisfy reference by file (symbol)

d:/stm32/toolchain/12.3 rel1/bin/../lib/gcc/arm-none-eabi/12.3.1/thumb/v7e-m+fp/hard\libgcc.a(_arm_addsubdf3.o)
                              D:/FirmwareEmbedded/build/ADC.o (__aeabi_dadd)
d:/stm32/toolchain/12.3 rel1/bin/../lib/gcc/arm-none-eabi/12.3.1/thumb/v7e-m+fp/hard\libgcc.a(_arm_muldivdf3.o)
                              D:/FirmwareEmbedded/build/ADC.o (__aeabi_ddiv)
d:/stm32/toolchain/12.3 rel1/bin/../lib/gcc/arm-none-eabi/12.3.1/thumb/v7e-m+fp/hard\libgcc.a(_arm_truncdfsf2.o)
                              D:/FirmwareEmbedded/build/ADC.o (__aeabi_d2f)
d:/stm32/toolchain/12.3 rel1/bin/../lib/gcc/arm-none-eabi/12.3.1/thumb/v7e-m+fp/hard\libc_nano.a(libc_a-exit.o)
                              d:/stm32/toolchain/12.3 rel1/bin/../lib/gcc/arm-none-eabi/12.3.1/thumb/v7e-m+fp/hard/crt0.o (exit)
d:/stm32/toolchain/12.3 rel1/bin/../lib/gcc/arm-none-eabi/12.3.1/thumb/v7e-m+fp/hard\libc_nano.a(libc_a-nano-vfprintf_float.o)
                              (_printf_float)
d:/stm32/toolchain/12.3 rel1/bin/../lib/gcc/arm-none-eabi/12.3.1/thumb/v7e-m+fp/hard\libc_nano.a(libc_a-nano-vfprintf_i.o)
                              d:/stm32/toolchain/12.3 rel1/bin/../lib/gcc/arm-none-eabi/12.3.1/thumb/v7e-m+fp/hard\libc_nano.a(libc_a-nano-vfprintf_float.o) (_printf_common)
d:/stm32/toolchain/12.3 rel1/bin/../lib/gcc/arm-none-eabi/12.3.1/thumb/v7e-m+fp/hard\libc_nano.a(libc_a-findfp.o)
                              d:/stm32/toolchain/12.3 rel1/bin/../lib/gcc/arm-none-eabi/12.3.1/thumb/v7e-m+fp/hard\libc_nano.a(libc_a-exit.o) (__stdio_exit_handler)
d:/stm32/toolchain/12.3 rel1/bin/../lib/gcc/arm-none-eabi/12.3.1/thumb/v7e-m+fp/hard\libc_nano.a(libc_a-fwalk.o)
                              d:/stm32/toolchain/12.3 rel1/bin/../lib/gcc/arm-none-eabi/12.3.1/thumb/v7e-m+fp/hard\libc_nano.a(libc_a-findfp.o) (_fwalk_sglue)
d:/stm32/toolchain/12.3 rel1/bin/../lib/gcc/arm-none-eabi/12.3.1/thumb/v7e-m+fp/hard\libc_nano.a(libc_a-stdio.o)
                              d:/stm32/toolchain/12.3 rel1/bin/../lib/gcc/arm-none-eabi/12.3.1/thumb/v7e-m+fp/hard\libc_nano.a(libc_a-findfp.o) (__sread)
d:/stm32/toolchain/12.3 rel1/bin/../lib/gcc/arm-none-eabi/12.3.1/thumb/v7e-m+fp/hard\libc_nano.a(libc_a-vsprintf.o)
                              D:/FirmwareEmbedded/build/Usart.o (vsprintf)
d:/stm32/toolchain/12.3 rel1/bin/../lib/gcc/arm-none-eabi/12.3.1/thumb/v7e-m+fp/hard\libc_nano.a(libc_a-memset.o)
                              d:/stm32/toolchain/12.3 rel1/bin/../lib/gcc/arm-none-eabi/12.3.1/thumb/v7e-m+fp/hard/crt0.o (memset)
d:/stm32/toolchain/12.3 rel1/bin/../lib/gcc/arm-none-eabi/12.3.1/thumb/v7e-m+fp/hard\libc_nano.a(libc_a-localeconv.o)
                              d:/stm32/toolchain/12.3 rel1/bin/../lib/gcc/arm-none-eabi/12.3.1/thumb/v7e-m+fp/hard\libc_nano.a(libc_a-nano-vfprintf_float.o) (_localeconv_r)
d:/stm32/toolchain/12.3 rel1/bin/../lib/gcc/arm-none-eabi/12.3.1/thumb/v7e-m+fp/hard\libc_nano.a(libc_a-closer.o)
                              d:/stm32/toolchain/12.3 rel1/bin/../lib/gcc/arm-none-eabi/12.3.1/thumb/v7e-m+fp/hard\libc_nano.a(libc_a-stdio.o) (_close_r)
d:/stm32/toolchain/12.3 rel1/bin/../lib/gcc/arm-none-eabi/12.3.1/thumb/v7e-m+fp/hard\libc_nano.a(libc_a-reent.o)
                              d:/stm32/toolchain/12.3 rel1/bin/../lib/gcc/arm-none-eabi/12.3.1/thumb/v7e-m+fp/hard\libc_nano.a(libc_a-closer.o) (errno)
d:/stm32/toolchain/12.3 rel1/bin/../lib/gcc/arm-none-eabi/12.3.1/thumb/v7e-m+fp/hard\libc_nano.a(libc_a-impure.o)
                              d:/stm32/toolchain/12.3 rel1/bin/../lib/gcc/arm-none-eabi/12.3.1/thumb/v7e-m+fp/hard\libc_nano.a(libc_a-vsprintf.o) (_impure_ptr)
d:/stm32/toolchain/12.3 rel1/bin/../lib/gcc/arm-none-eabi/12.3.1/thumb/v7e-m+fp/hard\libc_nano.a(libc_a-lseekr.o)
                              d:/stm32/toolchain/12.3 rel1/bin/../lib/gcc/arm-none-eabi/12.3.1/thumb/v7e-m+fp/hard\libc_nano.a(libc_a-stdio.o) (_lseek_r)
d:/stm32/toolchain/12.3 rel1/bin/../lib/gcc/arm-none-eabi/12.3.1/thumb/v7e-m+fp/hard\libc_nano.a(libc_a-readr.o)
                              d:/stm32/toolchain/12.3 rel1/bin/../lib/gcc/arm-none-eabi/12.3.1/thumb/v7e-m+fp/hard\libc_nano.a(libc_a-stdio.o) (_read_r)
d:/stm32/toolchain/12.3 rel1/bin/../lib/gcc/arm-none-eabi/12.3.1/thumb/v7e-m+fp/hard\libc_nano.a(libc_a-writer.o)
                              d:/stm32/toolchain/12.3 rel1/bin/../lib/gcc/arm-none-eabi/12.3.1/thumb/v7e-m+fp/hard\libc_nano.a(libc_a-stdio.o) (_write_r)
d:/stm32/toolchain/12.3 rel1/bin/../lib/gcc/arm-none-eabi/12.3.1/thumb/v7e-m+fp/hard\libc_nano.a(libc_a-init.o)
                              d:/stm32/toolchain/12.3 rel1/bin/../lib/gcc/arm-none-eabi/12.3.1/thumb/v7e-m+fp/hard/crt0.o (__libc_init_array)
d:/stm32/toolchain/12.3 rel1/bin/../lib/gcc/arm-none-eabi/12.3.1/thumb/v7e-m+fp/hard\libc_nano.a(libc_a-lock.o)
[...]
Memory Configuration

Name             Origin             Length             Attributes
RAM              0x20000000         0x00020000         xrw
FLASH            0x08000000         0x00080000         xr
*default*        0x00000000         0xffffffff

Linker script and memory map

LOAD d:/stm32/toolchain/12.3 rel1/bin/../lib/gcc/arm-none-eabi/12.3.1/thumb/v7e-m+fp/hard/crti.o
LOAD d:/stm32/toolchain/12.3 rel1/bin/../lib/gcc/arm-none-eabi/12.3.1/thumb/v7e-m+fp/hard/crtbegin.o
LOAD d:/stm32/toolchain/12.3 rel1/bin/../lib/gcc/arm-none-eabi/12.3.1/thumb/v7e-m+fp/hard/crt0.o
LOAD D:/FirmwareEmbedded/build/heap.o
LOAD D:/FirmwareEmbedded/build/port.o
LOAD D:/FirmwareEmbedded/build/tasks.o
LOAD D:/FirmwareEmbedded/build/stream_buffer.o
LOAD D:/FirmwareEmbedded/build/queue.o
LOAD D:/FirmwareEmbedded/build/list.o
LOAD D:/FirmwareEmbedded/build/event_groups.o
LOAD D:/FirmwareEmbedded/build/croutine.o
LOAD D:/FirmwareEmbedded/build/Usart.o
LOAD D:/FirmwareEmbedded/build/ADC.o
LOAD D:/FirmwareEmbedded/build/capture.o
LOAD D:/FirmwareEmbedded/build/led.o
LOAD D:/FirmwareEmbedded/build/Delay.o
LOAD D:/FirmwareEmbedded/build/main.o
LOAD D:/FirmwareEmbedded/build/startup.o
LOAD D:/FirmwareEmbedded/build/clock.o
START GROUP
LOAD d:/stm32/toolchain/12.3 rel1/bin/../lib/gcc/arm-none-eabi/12.3.1/thumb/v7e-m+fp/hard\libgcc.a
LOAD d:/stm32/toolchain/12.3 rel1/bin/../lib/gcc/arm-none-eabi/12.3.1/thumb/v7e-m+fp/hard\libc_nano.a
END GROUP
START GROUP
LOAD d:/stm32/toolchain/12.3 rel1/bin/../lib/gcc/arm-none-eabi/12.3.1/thumb/v7e-m+fp/hard\libgcc.a
LOAD d:/stm32/toolchain/12.3 rel1/bin/../lib/gcc/arm-none-eabi/12.3.1/thumb/v7e-m+fp/hard\libc_nano.a
LOAD d:/stm32/toolchain/12.3 rel1/bin/../lib/gcc/arm-none-eabi/12.3.1/thumb/v7e-m+fp/hard\libnosys.a
END GROUP
START GROUP
LOAD d:/stm32/toolchain/12.3 rel1/bin/../lib/gcc/arm-none-eabi/12.3.1/thumb/v7e-m+fp/hard\libgcc.a
LOAD d:/stm32/toolchain/12.3 rel1/bin/../lib/gcc/arm-none-eabi/12.3.1/thumb/v7e-m+fp/hard\libc_nano.a
LOAD d:/stm32/toolchain/12.3 rel1/bin/../lib/gcc/arm-none-eabi/12.3.1/thumb/v7e-m+fp/hard\libnosys.a
END GROUP
LOAD d:/stm32/toolchain/12.3 rel1/bin/../lib/gcc/arm-none-eabi/12.3.1/thumb/v7e-m+fp/hard/crtend.o
LOAD d:/stm32/toolchain/12.3 rel1/bin/../lib/gcc/arm-none-eabi/12.3.1/thumb/v7e-m+fp/hard/crtn.o
                0x20020000                        _estack = (ORIGIN (RAM) + LENGTH (RAM))
                0x00000200                        _Min_Heap_Size = 0x200
                0x00000400                        _Min_Stack_Size = 0x400

.isr_vector     0x08000000      0x198
                0x08000000                        . = ALIGN (0x4)
 *(.isr_vector)
 .isr_vector    0x08000000      0x198 D:/FirmwareEmbedded/build/startup.o
                0x08000000                g_pfnVectors
                0x08000198                        . = ALIGN (0x4)

.text           0x080001a0     0x99bc
                0x080001a0                        . = ALIGN (0x4)
 *(.text)
 .text          0x080001a0      0x4fc D:/FirmwareEmbedded/build/heap.o
                0x080001a0                pvPortMalloc
                0x0800031c                vPortFree
                0x080003d4                xPortGetFreeHeapSize
                0x080003ec                xPortGetMinimumEverFreeHeapSize
                0x08000404                vPortInitialiseBlocks
                0x08000412                pvPortCalloc
                0x080005e0                vPortGetHeapStats
 *fill*         0x0800069c        0x4 
 .text          0x080006a0      0x4b4 D:/FirmwareEmbedded/build/port.o
                0x080006a0                pxPortInitialiseStack
                0x08000760                SVC_Handler
                0x080007ae                xPortStartScheduler
                0x080008f0                vPortEndScheduler
                0x08000928                vPortEnterCritical
                0x08000988                vPortExitCritical
                0x080009dc                PendSV_Handler
                0x08000a46                SysTick_Handler
                0x08000a8c                vPortSetupTimerInterrupt
                0x08000ad6                vPortValidateInterruptPriority
 .text          0x08000b54     0x2d64 D:/FirmwareEmbedded/build/tasks.o
                0x08000b54                xTaskCreate
                0x08000e28                vTaskDelete
                0x08000f50                xTaskDelayUntil
                0x0800104c                vTaskDelay
                0x080010b4                eTaskGetState
                0x080011a8                uxTaskPriorityGet
                0x080011dc                uxTaskPriorityGetFromISR
                0x08001234                vTaskPrioritySet
                0x080013d8                vTaskSuspend
                0x0800157c                vTaskResume
                0x08001688                xTaskResumeFromISR
                0x080017c4                vTaskStartScheduler
                0x08001868                vTaskEndScheduler
                0x08001898                vTaskSuspendAll
                0x080018b4                xTaskResumeAll
                0x08001aac                xTaskGetTickCount
                0x08001acc                xTaskGetTickCountFromISR
                0x08001af0                uxTaskGetNumberOfTasks
                0x08001b08                pcTaskGetName
                0x08001b50                uxTaskGetSystemState
                0x08001c6c                xTaskCatchUpTicks
                0x08001cc4                xTaskIncrementTick
                0x08001f00                vTaskSwitchContext
                0x08002000                vTaskPlaceOnEventList
                0x08002048                vTaskPlaceOnUnorderedEventList
                0x080020f4                vTaskPlaceOnEventListRestricted
                0x08002180                xTaskRemoveFromEventList
                0x0800232c                vTaskRemoveFromUnorderedEventList
                0x080024ac                vTaskSetTimeOutState
                0x080024f8                vTaskInternalSetTimeOutState
                0x08002524                xTaskCheckForTimeOut
                0x080025f0                vTaskMissedYield
                0x08002608                uxTaskGetTaskNumber
                0x08002634                vTaskSetTaskNumber
                0x08002768                vTaskGetInfo
                0x08002968                xTaskGetCurrentTaskHandle
                0x08002988                xTaskGetSchedulerState
                0x080029c4                xTaskPriorityInherit
                0x08002b00                xTaskPriorityDisinherit
                0x08002c48                vTaskPriorityDisinheritAfterTimeout
                0x08002db8                uxTaskResetEventItemValue
                0x08002de8                pvTaskIncrementMutexHeldCount
                0x08002e10                ulTaskGenericNotifyTake
                0x08002ee0                xTaskGenericNotifyWait
                0x08002fe0                xTaskGenericNotify
                0x08003224                xTaskGenericNotifyFromISR
                0x080034dc                vTaskGenericNotifyGiveFromISR
                0x080036e8                xTaskGenericNotifyStateClear
                0x0800375c                ulTaskGenericNotifyValueClear
 .text          0x080038b8     0x15c8 D:/FirmwareEmbedded/build/queue.o
                0x080038b8                xQueueGenericReset
                0x080039d8                xQueueGenericCreate
                0x08003aee                xQueueCreateMutex
                0x08003b1e                xQueueGiveMutexRecursive
                0x08003b86                xQueueTakeMutexRecursive
                0x08003bf2                xQueueCreateCountingSemaphore
                0x08003c4e                xQueueGenericSend
                0x08003e4c                xQueueGenericSendFromISR
                0x08003fb0                xQueueGiveFromISR
                0x080040f8                xQueueReceive
                0x080042b8                xQueueSemaphoreTake
                0x080044b4                xQueuePeek
                0x08004678                xQueueReceiveFromISR
                0x080047a6                xQueuePeekFromISR
                0x08004878                uxQueueMessagesWaiting
                0x080048b4                uxQueueSpacesAvailable
                0x080048fa                uxQueueMessagesWaitingFromISR
                0x08004936                vQueueDelete
                0x08004972                uxQueueGetQueueNumber
                0x0800498a                vQueueSetQueueNumber
                0x080049a6                ucQueueGetQueueType
                0x08004be0                xQueueIsQueueEmptyFromISR
                0x08004c58                xQueueIsQueueFullFromISR
                0x08004ca4                vQueueAddToRegistry
                0x08004d40                pcQueueGetName
                0x08004da8                vQueueUnregisterQueue
                0x08004e18                vQueueWaitForMessageRestricted
 .text          0x08004e80      0x168 D:/FirmwareEmbedded/build/list.o
                0x08004e80                vListInitialise
                0x08004ec0                vListInitialiseItem
                0x08004eda                vListInsertEnd
                0x08004f22                vListInsert
                0x08004f94                uxListRemove
 .text          0x08004fe8      0x62c D:/FirmwareEmbedded/build/event_groups.o
                0x08004fe8                xEventGroupCreate
                0x08005016                xEventGroupSync
                0x08005170                xEventGroupWaitBits
                0x0800530c                xEventGroupClearBits
                0x0800537a                xEventGroupGetBitsFromISR
                0x080053c2                xEventGroupSetBits
                0x080054d6                vEventGroupDelete
                0x08005554                vEventGroupSetBitsCallback
                0x0800556e                vEventGroupClearBitsCallback
                0x080055cc                uxEventGroupGetNumber
                0x080055f8                vEventGroupSetNumber
 .text          0x08005614      0x370 D:/FirmwareEmbedded/build/Usart.o
                0x08005614                UART_Init
                0x0800570c                UART_send_string
                0x0800574a                UART_read_1byte
                0x08005784                USART1_IRQHandler
                0x080057bc                uart_rx_handler
                0x080057f4                dma2_stream5_handler
                0x08005840                dma2_uart1_rx_init
                0x080058e0                usart_printf
 *fill*         0x08005984        0x4 
 .text          0x08005988      0x21c D:/FirmwareEmbedded/build/ADC.o
                0x08005988                adc_init
                0x08005a20                adc_get_temp_ss
                0x08005b08                adc_get_vin_pal
 .text          0x08005ba4       0x8c D:/FirmwareEmbedded/build/led.o
                0x08005ba4                led_init
                0x08005bd8                led_control
 .text          0x08005c30       0xdc D:/FirmwareEmbedded/build/Delay.o
                0x08005c30                TIM1_UP_TIM10_IRQHandler
                0x08005c68                delay
                0x08005c98                delay_init
 .text          0x08005d0c      0x308 D:/FirmwareEmbedded/build/main.o
                0x08005d0c                vApplicationMallocFailedHook
                0x08005d1a                vApplicationTickHook
                0x08005d28                vApplicationStackOverflowHook
                0x08005d3e                vApplicationIdleHook
                0x08005d4c                xTimerCreateTimerTask
                0x08005d5c                func_1
                0x08005d82                func_2
                0x08005da8                func_3
                0x08005e64                func_4
                0x08005ebc                SystemInit
                0x08005eca                setup
                0x08005ee2                func_5
                0x08005f20                main
 .text          0x08006014      0x1b0 D:/FirmwareEmbedded/build/clock.o
                0x08006014                clock_init
                0x08006104                clock_enable_AHB1
                0x08006134                clock_enable_AHB2
                0x08006164                clock_enable_APB1
                0x08006194                clock_enable_APB2
 .text          0x080061c4      0x378 d:/stm32/toolchain/12.3 rel1/bin/../lib/gcc/arm-none-eabi/12.3.1/thumb/v7e-m+fp/hard\libgcc.a(_arm_addsubdf3.o)
                0x080061c4                __aeabi_drsub
                0x080061cc                __aeabi_dsub
                0x080061cc                __subdf3
                0x080061d0                __aeabi_dadd
                0x080061d0                __adddf3
                0x08006448                __floatunsidf
                0x08006448                __aeabi_ui2d
                0x08006468                __floatsidf
                0x08006468                __aeabi_i2d
                0x0800648c                __aeabi_f2d
                0x0800648c                __extendsfdf2
                0x080064d0                __floatundidf
                0x080064d0                __aeabi_ul2d
                0x080064e0                __floatdidf
                0x080064e0                __aeabi_l2d
 .text          0x0800653c      0x424 d:/stm32/toolchain/12.3 rel1/bin/../lib/gcc/arm-none-eabi/12.3.1/thumb/v7e-m+fp/hard\libgcc.a(_arm_muldivdf3.o)
                0x0800653c                __aeabi_dmul
                0x0800653c                __muldf3
                0x08006790                __divdf3
                0x08006790                __aeabi_ddiv
 .text          0x08006960       0xa0 d:/stm32/toolchain/12.3 rel1/bin/../lib/gcc/arm-none-eabi/12.3.1/thumb/v7e-m+fp/hard\libgcc.a(_arm_truncdfsf2.o)
                0x08006960                __truncdfsf2
                0x08006960                __aeabi_d2f
 .text          0x08006a00       0xa0 d:/stm32/toolchain/12.3 rel1/bin/../lib/gcc/arm-none-eabi/12.3.1/thumb/v7e-m+fp/hard\libc_nano.a(libc_a-memchr.o)
                0x08006a00                memchr
 .text          0x08006aa0       0x10 d:/stm32/toolchain/12.3 rel1/bin/../lib/gcc/arm-none-eabi/12.3.1/thumb/v7e-m+fp/hard\libc_nano.a(libc_a-strlen.o)
                0x08006aa0                strlen
 .text          0x08006ab0      0x110 d:/stm32/toolchain/12.3 rel1/bin/../lib/gcc/arm-none-eabi/12.3.1/thumb/v7e-m+fp/hard\libgcc.a(_arm_cmpdf2.o)
                0x08006ab0                __gtdf2
                0x08006ab0                __gedf2
                0x08006ab8                __ltdf2
                0x08006ab8                __ledf2
                0x08006ac0                __nedf2
                0x08006ac0                __eqdf2
                0x08006ac0                __cmpdf2
                0x08006b3c                __aeabi_cdrcmple
                0x08006b4c                __aeabi_cdcmpeq
                0x08006b4c                __aeabi_cdcmple
                0x08006b5c                __aeabi_dcmpeq
                0x08006b70                __aeabi_dcmplt
                0x08006b84                __aeabi_dcmple
                0x08006b98                __aeabi_dcmpge
                0x08006bac                __aeabi_dcmpgt
 .text          0x08006bc0       0x2c d:/stm32/toolchain/12.3 rel1/bin/../lib/gcc/arm-none-eabi/12.3.1/thumb/v7e-m+fp/hard\libgcc.a(_arm_unorddf2.o)
                0x08006bc0                __unorddf2
                0x08006bc0                __aeabi_dcmpun
 .text          0x08006bec       0x50 d:/stm32/toolchain/12.3 rel1/bin/../lib/gcc/arm-none-eabi/12.3.1/thumb/v7e-m+fp/hard\libgcc.a(_arm_fixdfsi.o)
                0x08006bec                __aeabi_d2iz
                0x08006bec                __fixdfsi
 *(.text*)
 .text.deregister_tm_clones
                0x08006c3c       0x1c d:/stm32/toolchain/12.3 rel1/bin/../lib/gcc/arm-none-eabi/12.3.1/thumb/v7e-m+fp/hard/crtbegin.o
 .text.register_tm_clones
                0x08006c58       0x24 d:/stm32/toolchain/12.3 rel1/bin/../lib/gcc/arm-none-eabi/12.3.1/thumb/v7e-m+fp/hard/crtbegin.o
 .text.__do_global_dtors_aux
                0x08006c7c       0x28 d:/stm32/toolchain/12.3 rel1/bin/../lib/gcc/arm-none-eabi/12.3.1/thumb/v7e-m+fp/hard/crtbegin.o
 .text.frame_dummy
                0x08006ca4       0x24 d:/stm32/toolchain/12.3 rel1/bin/../lib/gcc/arm-none-eabi/12.3.1/thumb/v7e-m+fp/hard/crtbegin.o
 .text.Reset_Handler
                0x08006cc8       0x50 D:/FirmwareEmbedded/build/startup.o
                0x08006cc8                Reset_Handler
 .text.Default_Handler
                0x08006d18        0x2 D:/FirmwareEmbedded/build/startup.o
                0x08006d18                RTC_Alarm_IRQHandler
                0x08006d18                EXTI2_IRQHandler
                0x08006d18                DebugMon_Handler
                0x08006d18                SPI4_IRQHandler
                0x08006d18                TIM1_CC_IRQHandler
                0x08006d18                DMA2_Stream5_IRQHandler
                0x08006d18                HardFault_Handler
                0x08006d18                DMA1_Stream5_IRQHandler
                0x08006d18                PVD_IRQHandler
                0x08006d18                SDIO_IRQHandler
                0x08006d18                TAMP_STAMP_IRQHandler
                0x08006d18                NMI_Handler
                0x08006d18                EXTI3_IRQHandler
                0x08006d18                I2C3_ER_IRQHandler
                0x08006d18                EXTI0_IRQHandler
                0x08006d18                I2C2_EV_IRQHandler
                0x08006d18                DMA1_Stream2_IRQHandler
                0x08006d18                FPU_IRQHandler
                0x08006d18                UsageFault_Handler
                0x08006d18                DMA2_Stream2_IRQHandler
                0x08006d18                SPI1_IRQHandler
                0x08006d18                TIM1_BRK_TIM9_IRQHandler
                0x08006d18                DMA2_Stream3_IRQHandler
                0x08006d18                USART6_IRQHandler
                0x08006d18                DMA2_Stream0_IRQHandler
                0x08006d18                TIM4_IRQHandler
                0x08006d18                I2C1_EV_IRQHandler
                0x08006d18                DMA1_Stream6_IRQHandler
                0x08006d18                DMA1_Stream1_IRQHandler
                0x08006d18                TIM3_IRQHandler
                0x08006d18                RCC_IRQHandler
                0x08006d18                Default_Handler
                0x08006d18                EXTI15_10_IRQHandler
                0x08006d18                ADC_IRQHandler
                0x08006d18                DMA1_Stream7_IRQHandler
                0x08006d18                SPI5_IRQHandler
                0x08006d18                TIM5_IRQHandler
                0x08006d18                DMA2_Stream7_IRQHandler
                0x08006d18                I2C3_EV_IRQHandler
                0x08006d18                EXTI9_5_IRQHandler
                0x08006d18                RTC_WKUP_IRQHandler
                0x08006d18                SPI2_IRQHandler
                0x08006d18                MemManage_Handler
                0x08006d18                DMA1_Stream0_IRQHandler
                0x08006d18                EXTI4_IRQHandler
                0x08006d18                WWDG_IRQHandler
                0x08006d18                TIM2_IRQHandler
                0x08006d18                OTG_FS_WKUP_IRQHandler
                0x08006d18                TIM1_TRG_COM_TIM11_IRQHandler
                0x08006d18                EXTI1_IRQHandler
                0x08006d18                USART2_IRQHandler
                0x08006d18                I2C2_ER_IRQHandler
                0x08006d18                DMA2_Stream1_IRQHandler
                0x08006d18                FLASH_IRQHandler
                0x08006d18                DMA2_Stream4_IRQHandler
                0x08006d18                BusFault_Handler
                0x08006d18                OTG_FS_IRQHandler
                0x08006d18                SPI3_IRQHandler
                0x08006d18                DMA1_Stream4_IRQHandler
                0x08006d18                I2C1_ER_IRQHandler
                0x08006d18                DMA2_Stream6_IRQHandler
                0x08006d18                DMA1_Stream3_IRQHandler
 .text.__cvt    0x08006d1a       0xd2 d:/stm32/toolchain/12.3 rel1/bin/../lib/gcc/arm-none-eabi/12.3.1/thumb/v7e-m+fp/hard\libc_nano.a(libc_a-nano-vfprintf_float.o)
                0x08006d1a                __cvt
 .text.__exponent
                0x08006dec       0x74 d:/stm32/toolchain/12.3 rel1/bin/../lib/gcc/arm-none-eabi/12.3.1/thumb/v7e-m+fp/hard\libc_nano.a(libc_a-nano-vfprintf_float.o)
                0x08006dec                __exponent
 .text._printf_float
                0x08006e60      0x464 d:/stm32/toolchain/12.3 rel1/bin/../lib/gcc/arm-none-eabi/12.3.1/thumb/v7e-m+fp/hard\libc_nano.a(libc_a-nano-vfprintf_float.o)
                0x08006e60                _printf_float
 .text._printf_common
                0x080072c4       0xda d:/stm32/toolchain/12.3 rel1/bin/../lib/gcc/arm-none-eabi/12.3.1/thumb/v7e-m+fp/hard\libc_nano.a(libc_a-nano-vfprintf_i.o)
                0x080072c4                _printf_common
 *fill*         0x0800739e        0x2 
 .text._printf_i
                0x080073a0      0x258 d:/stm32/toolchain/12.3 rel1/bin/../lib/gcc/arm-none-eabi/12.3.1/thumb/v7e-m+fp/hard\libc_nano.a(libc_a-nano-vfprintf_i.o)
                0x080073a0                _printf_i
 .text.std      0x080075f8       0x6c d:/stm32/toolchain/12.3 rel1/bin/../lib/gcc/arm-none-eabi/12.3.1/thumb/v7e-m+fp/hard\libc_nano.a(libc_a-findfp.o)
 .text.stdio_exit_handler
                0x08007664       0x18 d:/stm32/toolchain/12.3 rel1/bin/../lib/gcc/arm-none-eabi/12.3.1/thumb/v7e-m+fp/hard\libc_nano.a(libc_a-findfp.o)
 .text.cleanup_stdio
                0x0800767c       0x40 d:/stm32/toolchain/12.3 rel1/bin/../lib/gcc/arm-none-eabi/12.3.1/thumb/v7e-m+fp/hard\libc_nano.a(libc_a-findfp.o)
 .text.global_stdio_init.part.0
                0x080076bc       0x3c d:/stm32/toolchain/12.3 rel1/bin/../lib/gcc/arm-none-eabi/12.3.1/thumb/v7e-m+fp/hard\libc_nano.a(libc_a-findfp.o)
 .text.__sfp_lock_acquire
                0x080076f8        0xc d:/stm32/toolchain/12.3 rel1/bin/../lib/gcc/arm-none-eabi/12.3.1/thumb/v7e-m+fp/hard\libc_nano.a(libc_a-findfp.o)
                0x080076f8                __sfp_lock_acquire
 .text.__sfp_lock_release
                0x08007704        0xc d:/stm32/toolchain/12.3 rel1/bin/../lib/gcc/arm-none-eabi/12.3.1/thumb/v7e-m+fp/hard\libc_nano.a(libc_a-findfp.o)
                0x08007704                __sfp_lock_release
 .text.__sinit  0x08007710       0x30 d:/stm32/toolchain/12.3 rel1/bin/../lib/gcc/arm-none-eabi/12.3.1/thumb/v7e-m+fp/hard\libc_nano.a(libc_a-findfp.o)
                0x08007710                __sinit
 .text._fwalk_sglue
                0x08007740       0x3c d:/stm32/toolchain/12.3 rel1/bin/../lib/gcc/arm-none-eabi/12.3.1/thumb/v7e-m+fp/hard\libc_nano.a(libc_a-fwalk.o)
                0x08007740                _fwalk_sglue
 .text.__sread  0x0800777c       0x22 d:/stm32/toolchain/12.3 rel1/bin/../lib/gcc/arm-none-eabi/12.3.1/thumb/v7e-m+fp/hard\libc_nano.a(libc_a-stdio.o)
                0x0800777c                __sread
 .text.__swrite
                0x0800779e       0x38 d:/stm32/toolchain/12.3 rel1/bin/../lib/gcc/arm-none-eabi/12.3.1/thumb/v7e-m+fp/hard\libc_nano.a(libc_a-stdio.o)
                0x0800779e                __swrite
 .text.__sseek  0x080077d6       0x24 d:/stm32/toolchain/12.3 rel1/bin/../lib/gcc/arm-none-eabi/12.3.1/thumb/v7e-m+fp/hard\libc_nano.a(libc_a-stdio.o)
                0x080077d6                __sseek
 .text.__sclose
                0x080077fa        0x8 d:/stm32/toolchain/12.3 rel1/bin/../lib/gcc/arm-none-eabi/12.3.1/thumb/v7e-m+fp/hard\libc_nano.a(libc_a-stdio.o)
                0x080077fa                __sclose
 *fill*         0x08007802        0x2 
 .text._vsprintf_r
                0x08007804       0x2c d:/stm32/toolchain/12.3 rel1/bin/../lib/gcc/arm-none-eabi/12.3.1/thumb/v7e-m+fp/hard\libc_nano.a(libc_a-vsprintf.o)
                0x08007804                _vsprintf_r
                0x08007804                _vsiprintf_r
 .text.vsprintf
                0x08007830       0x14 d:/stm32/toolchain/12.3 rel1/bin/../lib/gcc/arm-none-eabi/12.3.1/thumb/v7e-m+fp/hard\libc_nano.a(libc_a-vsprintf.o)
                0x08007830                vsiprintf
                0x08007830                vsprintf
 .text.memset   0x08007844       0x10 d:/stm32/toolchain/12.3 rel1/bin/../lib/gcc/arm-none-eabi/12.3.1/thumb/v7e-m+fp/hard\libc_nano.a(libc_a-memset.o)
                0x08007844                memset
 .text._localeconv_r
                0x08007854        0x8 d:/stm32/toolchain/12.3 rel1/bin/../lib/gcc/arm-none-eabi/12.3.1/thumb/v7e-m+fp/hard\libc_nano.a(libc_a-localeconv.o)
                0x08007854                _localeconv_r
 .text._close_r
                0x0800785c       0x20 d:/stm32/toolchain/12.3 rel1/bin/../lib/gcc/arm-none-eabi/12.3.1/thumb/v7e-m+fp/hard\libc_nano.a(libc_a-closer.o)
                0x0800785c                _close_r
 .text._lseek_r
                0x0800787c       0x24 d:/stm32/toolchain/12.3 rel1/bin/../lib/gcc/arm-none-eabi/12.3.1/thumb/v7e-m+fp/hard\libc_nano.a(libc_a-lseekr.o)
                0x0800787c                _lseek_r
 .text._read_r  0x080078a0       0x24 d:/stm32/toolchain/12.3 rel1/bin/../lib/gcc/arm-none-eabi/12.3.1/thumb/v7e-m+fp/hard\libc_nano.a(libc_a-readr.o)
                0x080078a0                _read_r
 .text._write_r
                0x080078c4       0x24 d:/stm32/toolchain/12.3 rel1/bin/../lib/gcc/arm-none-eabi/12.3.1/thumb/v7e-m+fp/hard\libc_nano.a(libc_a-writer.o)
                0x080078c4                _write_r
 .text.__libc_init_array
                0x080078e8       0x48 d:/stm32/toolchain/12.3 rel1/bin/../lib/gcc/arm-none-eabi/12.3.1/thumb/v7e-m+fp/hard\libc_nano.a(libc_a-init.o)
                0x080078e8                __libc_init_array
 .text.__retarget_lock_init_recursive
                0x08007930        0x2 d:/stm32/toolchain/12.3 rel1/bin/../lib/gcc/arm-none-eabi/12.3.1/thumb/v7e-m+fp/hard\libc_nano.a(libc_a-lock.o)
                0x08007930                __retarget_lock_init_recursive
 .text.__retarget_lock_acquire_recursive
                0x08007932        0x2 d:/stm32/toolchain/12.3 rel1/bin/../lib/gcc/arm-none-eabi/12.3.1/thumb/v7e-m+fp/hard\libc_nano.a(libc_a-lock.o)
                0x08007932                __retarget_lock_acquire_recursive
 .text.__retarget_lock_release_recursive
                0x08007934        0x2 d:/stm32/toolchain/12.3 rel1/bin/../lib/gcc/arm-none-eabi/12.3.1/thumb/v7e-m+fp/hard\libc_nano.a(libc_a-lock.o)
                0x08007934                __retarget_lock_release_recursive
 .text.memcpy   0x08007936       0x1c d:/stm32/toolchain/12.3 rel1/bin/../lib/gcc/arm-none-eabi/12.3.1/thumb/v7e-m+fp/hard\libc_nano.a(libc_a-memcpy-stub.o)
                0x08007936                memcpy
 .text.quorem   0x08007952      0x110 d:/stm32/toolchain/12.3 rel1/bin/../lib/gcc/arm-none-eabi/12.3.1/thumb/v7e-m+fp/hard\libc_nano.a(libc_a-dtoa.o)
 *fill*         0x08007a62        0x6 
 .text._dtoa_r  0x08007a68      0xc58 d:/stm32/toolchain/12.3 rel1/bin/../lib/gcc/arm-none-eabi/12.3.1/thumb/v7e-m+fp/hard\libc_nano.a(libc_a-dtoa.o)
                0x08007a68                _dtoa_r
 .text._free_r  0x080086c0       0x94 d:/stm32/toolchain/12.3 rel1/bin/../lib/gcc/arm-none-eabi/12.3.1/thumb/v7e-m+fp/hard\libc_nano.a(libc_a-freer.o)
                0x080086c0                _free_r
 .text.malloc   0x08008754       0x10 d:/stm32/toolchain/12.3 rel1/bin/../lib/gcc/arm-none-eabi/12.3.1/thumb/v7e-m+fp/hard\libc_nano.a(libc_a-malloc.o)
                0x08008754                malloc
 .text.sbrk_aligned
                0x08008764       0x44 d:/stm32/toolchain/12.3 rel1/bin/../lib/gcc/arm-none-eabi/12.3.1/thumb/v7e-m+fp/hard\libc_nano.a(libc_a-mallocr.o)
 .text._malloc_r
                0x080087a8      0x100 d:/stm32/toolchain/12.3 rel1/bin/../lib/gcc/arm-none-eabi/12.3.1/thumb/v7e-m+fp/hard\libc_nano.a(libc_a-mallocr.o)
                0x080087a8                _malloc_r
 .text.__malloc_lock
                0x080088a8        0xc d:/stm32/toolchain/12.3 rel1/bin/../lib/gcc/arm-none-eabi/12.3.1/thumb/v7e-m+fp/hard\libc_nano.a(libc_a-mlock.o)
                0x080088a8                __malloc_lock
 .text.__malloc_unlock
                0x080088b4        0xc d:/stm32/toolchain/12.3 rel1/bin/../lib/gcc/arm-none-eabi/12.3.1/thumb/v7e-m+fp/hard\libc_nano.a(libc_a-mlock.o)
                0x080088b4                __malloc_unlock
 .text._Balloc  0x080088c0       0x80 d:/stm32/toolchain/12.3 rel1/bin/../lib/gcc/arm-none-eabi/12.3.1/thumb/v7e-m+fp/hard\libc_nano.a(libc_a-mprec.o)
                0x080088c0                _Balloc
 .text._Bfree   0x08008940       0x44 d:/stm32/toolchain/12.3 rel1/bin/../lib/gcc/arm-none-eabi/12.3.1/thumb/v7e-m+fp/hard\libc_nano.a(libc_a-mprec.o)
                0x08008940                _Bfree
 .text.__multadd
                0x08008984       0x8c d:/stm32/toolchain/12.3 rel1/bin/../lib/gcc/arm-none-eabi/12.3.1/thumb/v7e-m+fp/hard\libc_nano.a(libc_a-mprec.o)
                0x08008984                __multadd
 .text.__hi0bits
                0x08008a10       0x44 d:/stm32/toolchain/12.3 rel1/bin/../lib/gcc/arm-none-eabi/12.3.1/thumb/v7e-m+fp/hard\libc_nano.a(libc_a-mprec.o)
                0x08008a10                __hi0bits
 .text.__lo0bits
                0x08008a54       0x5a d:/stm32/toolchain/12.3 rel1/bin/../lib/gcc/arm-none-eabi/12.3.1/thumb/v7e-m+fp/hard\libc_nano.a(libc_a-mprec.o)
                0x08008a54                __lo0bits
 *fill*         0x08008aae        0x2 
 .text.__i2b    0x08008ab0       0x2c d:/stm32/toolchain/12.3 rel1/bin/../lib/gcc/arm-none-eabi/12.3.1/thumb/v7e-m+fp/hard\libc_nano.a(libc_a-mprec.o)
                0x08008ab0                __i2b
 .text.__multiply
                0x08008adc      0x154 d:/stm32/toolchain/12.3 rel1/bin/../lib/gcc/arm-none-eabi/12.3.1/thumb/v7e-m+fp/hard\libc_nano.a(libc_a-mprec.o)
                0x08008adc                __multiply
 .text.__pow5mult
                0x08008c30       0xb4 d:/stm32/toolchain/12.3 rel1/bin/../lib/gcc/arm-none-eabi/12.3.1/thumb/v7e-m+fp/hard\libc_nano.a(libc_a-mprec.o)
                0x08008c30                __pow5mult
 .text.__lshift
                0x08008ce4       0xd8 d:/stm32/toolchain/12.3 rel1/bin/../lib/gcc/arm-none-eabi/12.3.1/thumb/v7e-m+fp/hard\libc_nano.a(libc_a-mprec.o)
                0x08008ce4                __lshift
 .text.__mcmp   0x08008dbc       0x36 d:/stm32/toolchain/12.3 rel1/bin/../lib/gcc/arm-none-eabi/12.3.1/thumb/v7e-m+fp/hard\libc_nano.a(libc_a-mprec.o)
                0x08008dbc                __mcmp
 *fill*         0x08008df2        0x2 
 .text.__mdiff  0x08008df4      0x128 d:/stm32/toolchain/12.3 rel1/bin/../lib/gcc/arm-none-eabi/12.3.1/thumb/v7e-m+fp/hard\libc_nano.a(libc_a-mprec.o)
                0x08008df4                __mdiff
 .text.__d2b    0x08008f1c       0xb0 d:/stm32/toolchain/12.3 rel1/bin/../lib/gcc/arm-none-eabi/12.3.1/thumb/v7e-m+fp/hard\libc_nano.a(libc_a-mprec.o)
                0x08008f1c                __d2b
 .text.__ssputs_r
                0x08008fcc       0xb6 d:/stm32/toolchain/12.3 rel1/bin/../lib/gcc/arm-none-eabi/12.3.1/thumb/v7e-m+fp/hard\libc_nano.a(libc_a-nano-svfprintf.o)
                0x08008fcc                __ssputs_r
 *fill*         0x08009082        0x2 
 .text._svfprintf_r
                0x08009084      0x1f8 d:/stm32/toolchain/12.3 rel1/bin/../lib/gcc/arm-none-eabi/12.3.1/thumb/v7e-m+fp/hard\libc_nano.a(libc_a-nano-svfprintf.o)
                0x08009084                _svfiprintf_r
                0x08009084                _svfprintf_r
 .text.__sflush_r
                0x0800927c      0x108 d:/stm32/toolchain/12.3 rel1/bin/../lib/gcc/arm-none-eabi/12.3.1/thumb/v7e-m+fp/hard\libc_nano.a(libc_a-fflush.o)
                0x0800927c                __sflush_r
 .text._fflush_r
                0x08009384       0x50 d:/stm32/toolchain/12.3 rel1/bin/../lib/gcc/arm-none-eabi/12.3.1/thumb/v7e-m+fp/hard\libc_nano.a(libc_a-fflush.o)
                0x08009384                _fflush_r
 .text.memmove  0x080093d4       0x34 d:/stm32/toolchain/12.3 rel1/bin/../lib/gcc/arm-none-eabi/12.3.1/thumb/v7e-m+fp/hard\libc_nano.a(libc_a-memmove.o)
                0x080093d4                memmove
 .text._sbrk_r  0x08009408       0x20 d:/stm32/toolchain/12.3 rel1/bin/../lib/gcc/arm-none-eabi/12.3.1/thumb/v7e-m+fp/hard\libc_nano.a(libc_a-sbrkr.o)
                0x08009408                _sbrk_r
 .text.__assert_func
                0x08009428       0x3c d:/stm32/toolchain/12.3 rel1/bin/../lib/gcc/arm-none-eabi/12.3.1/thumb/v7e-m+fp/hard\libc_nano.a(libc_a-assert.o)
                0x08009428                __assert_func
 .text._calloc_r
                0x08009464       0x28 d:/stm32/toolchain/12.3 rel1/bin/../lib/gcc/arm-none-eabi/12.3.1/thumb/v7e-m+fp/hard\libc_nano.a(libc_a-callocr.o)
                0x08009464                _calloc_r
 .text.__ascii_mbtowc
                0x0800948c       0x24 d:/stm32/toolchain/12.3 rel1/bin/../lib/gcc/arm-none-eabi/12.3.1/thumb/v7e-m+fp/hard\libc_nano.a(libc_a-mbtowc_r.o)
                0x0800948c                __ascii_mbtowc
 .text._realloc_r
                0x080094b0       0x5c d:/stm32/toolchain/12.3 rel1/bin/../lib/gcc/arm-none-eabi/12.3.1/thumb/v7e-m+fp/hard\libc_nano.a(libc_a-reallocr.o)
                0x080094b0                _realloc_r
 .text.__ascii_wctomb
                0x0800950c       0x1a d:/stm32/toolchain/12.3 rel1/bin/../lib/gcc/arm-none-eabi/12.3.1/thumb/v7e-m+fp/hard\libc_nano.a(libc_a-wctomb_r.o)
                0x0800950c                __ascii_wctomb
 *fill*         0x08009526        0x2 
 .text.fprintf  0x08009528       0x24 d:/stm32/toolchain/12.3 rel1/bin/../lib/gcc/arm-none-eabi/12.3.1/thumb/v7e-m+fp/hard\libc_nano.a(libc_a-fprintf.o)
                0x08009528                fiprintf
                0x08009528                fprintf
 .text.abort    0x0800954c        0xe d:/stm32/toolchain/12.3 rel1/bin/../lib/gcc/arm-none-eabi/12.3.1/thumb/v7e-m+fp/hard\libc_nano.a(libc_a-abort.o)
                0x0800954c                abort
 .text._malloc_usable_size_r
                0x0800955a       0x10 d:/stm32/toolchain/12.3 rel1/bin/../lib/gcc/arm-none-eabi/12.3.1/thumb/v7e-m+fp/hard\libc_nano.a(libc_a-msizer.o)
                0x0800955a                _malloc_usable_size_r
 .text.__sfputc_r
                0x0800956a       0x2e d:/stm32/toolchain/12.3 rel1/bin/../lib/gcc/arm-none-eabi/12.3.1/thumb/v7e-m+fp/hard\libc_nano.a(libc_a-nano-vfprintf.o)
 .text.__sfputs_r
                0x08009598       0x24 d:/stm32/toolchain/12.3 rel1/bin/../lib/gcc/arm-none-eabi/12.3.1/thumb/v7e-m+fp/hard\libc_nano.a(libc_a-nano-vfprintf.o)
                0x08009598                __sfputs_r
 .text._vfprintf_r
                0x080095bc      0x230 d:/stm32/toolchain/12.3 rel1/bin/../lib/gcc/arm-none-eabi/12.3.1/thumb/v7e-m+fp/hard\libc_nano.a(libc_a-nano-vfprintf.o)
                0x080095bc                _vfprintf_r
                0x080095bc                _vfiprintf_r
 .text.__swbuf_r
                0x080097ec       0x7c d:/stm32/toolchain/12.3 rel1/bin/../lib/gcc/arm-none-eabi/12.3.1/thumb/v7e-m+fp/hard\libc_nano.a(libc_a-wbuf.o)
                0x080097ec                __swbuf_r
 .text.__swsetup_r
                0x08009868       0xac d:/stm32/toolchain/12.3 rel1/bin/../lib/gcc/arm-none-eabi/12.3.1/thumb/v7e-m+fp/hard\libc_nano.a(libc_a-wsetup.o)
                0x08009868                __swsetup_r
 .text._raise_r
                0x08009914       0x50 d:/stm32/toolchain/12.3 rel1/bin/../lib/gcc/arm-none-eabi/12.3.1/thumb/v7e-m+fp/hard\libc_nano.a(libc_a-signal.o)
                0x08009914                _raise_r
 .text.raise    0x08009964       0x10 d:/stm32/toolchain/12.3 rel1/bin/../lib/gcc/arm-none-eabi/12.3.1/thumb/v7e-m+fp/hard\libc_nano.a(libc_a-signal.o)
                0x08009964                raise
 .text._kill_r  0x08009974       0x24 d:/stm32/toolchain/12.3 rel1/bin/../lib/gcc/arm-none-eabi/12.3.1/thumb/v7e-m+fp/hard\libc_nano.a(libc_a-signalr.o)
                0x08009974                _kill_r
 .text._getpid_r
                0x08009998        0x4 d:/stm32/toolchain/12.3 rel1/bin/../lib/gcc/arm-none-eabi/12.3.1/thumb/v7e-m+fp/hard\libc_nano.a(libc_a-signalr.o)
                0x08009998                _getpid_r
 .text.__swhatbuf_r
                0x0800999c       0x4c d:/stm32/toolchain/12.3 rel1/bin/../lib/gcc/arm-none-eabi/12.3.1/thumb/v7e-m+fp/hard\libc_nano.a(libc_a-makebuf.o)
                0x0800999c                __swhatbuf_r
 .text.__smakebuf_r
                0x080099e8       0x78 d:/stm32/toolchain/12.3 rel1/bin/../lib/gcc/arm-none-eabi/12.3.1/thumb/v7e-m+fp/hard\libc_nano.a(libc_a-makebuf.o)
                0x080099e8                __smakebuf_r
 .text._fstat_r
                0x08009a60       0x24 d:/stm32/toolchain/12.3 rel1/bin/../lib/gcc/arm-none-eabi/12.3.1/thumb/v7e-m+fp/hard\libc_nano.a(libc_a-fstatr.o)
                0x08009a60                _fstat_r
 .text._isatty_r
                0x08009a84       0x20 d:/stm32/toolchain/12.3 rel1/bin/../lib/gcc/arm-none-eabi/12.3.1/thumb/v7e-m+fp/hard\libc_nano.a(libc_a-isattyr.o)
                0x08009a84                _isatty_r
 .text._close   0x08009aa4       0x10 d:/stm32/toolchain/12.3 rel1/bin/../lib/gcc/arm-none-eabi/12.3.1/thumb/v7e-m+fp/hard\libnosys.a(close.o)
                0x08009aa4                _close
 .text._fstat   0x08009ab4       0x10 d:/stm32/toolchain/12.3 rel1/bin/../lib/gcc/arm-none-eabi/12.3.1/thumb/v7e-m+fp/hard\libnosys.a(fstat.o)
                0x08009ab4                _fstat
 .text._getpid  0x08009ac4       0x10 d:/stm32/toolchain/12.3 rel1/bin/../lib/gcc/arm-none-eabi/12.3.1/thumb/v7e-m+fp/hard\libnosys.a(getpid.o)
                0x08009ac4                _getpid
 .text._isatty  0x08009ad4       0x10 d:/stm32/toolchain/12.3 rel1/bin/../lib/gcc/arm-none-eabi/12.3.1/thumb/v7e-m+fp/hard\libnosys.a(isatty.o)
                0x08009ad4                _isatty
 .text._kill    0x08009ae4       0x10 d:/stm32/toolchain/12.3 rel1/bin/../lib/gcc/arm-none-eabi/12.3.1/thumb/v7e-m+fp/hard\libnosys.a(kill.o)
                0x08009ae4                _kill
 .text._lseek   0x08009af4       0x10 d:/stm32/toolchain/12.3 rel1/bin/../lib/gcc/arm-none-eabi/12.3.1/thumb/v7e-m+fp/hard\libnosys.a(lseek.o)
                0x08009af4                _lseek
 .text._read    0x08009b04       0x10 d:/stm32/toolchain/12.3 rel1/bin/../lib/gcc/arm-none-eabi/12.3.1/thumb/v7e-m+fp/hard\libnosys.a(read.o)
                0x08009b04                _read
 .text._sbrk    0x08009b14       0x1c d:/stm32/toolchain/12.3 rel1/bin/../lib/gcc/arm-none-eabi/12.3.1/thumb/v7e-m+fp/hard\libnosys.a(sbrk.o)
                0x08009b14                _sbrk
 .text._write   0x08009b30       0x10 d:/stm32/toolchain/12.3 rel1/bin/../lib/gcc/arm-none-eabi/12.3.1/thumb/v7e-m+fp/hard\libnosys.a(write.o)
                0x08009b30                _write
 .text._exit    0x08009b40        0x4 d:/stm32/toolchain/12.3 rel1/bin/../lib/gcc/arm-none-eabi/12.3.1/thumb/v7e-m+fp/hard\libnosys.a(_exit.o)
                0x08009b40                _exit
 *(.glue_7)
 .glue_7        0x08009b44        0x0 linker stubs
 *(.glue_7t)
 .glue_7t       0x08009b44        0x0 linker stubs
 *(.eh_frame)
 .eh_frame      0x08009b44        0x0 d:/stm32/toolchain/12.3 rel1/bin/../lib/gcc/arm-none-eabi/12.3.1/thumb/v7e-m+fp/hard/crtbegin.o
 *(.init)
 .init          0x08009b44        0x4 d:/stm32/toolchain/12.3 rel1/bin/../lib/gcc/arm-none-eabi/12.3.1/thumb/v7e-m+fp/hard/crti.o
                0x08009b44                _init
 .init          0x08009b48        0x8 d:/stm32/toolchain/12.3 rel1/bin/../lib/gcc/arm-none-eabi/12.3.1/thumb/v7e-m+fp/hard/crtn.o
 *(.fini)
 .fini          0x08009b50        0x4 d:/stm32/toolchain/12.3 rel1/bin/../lib/gcc/arm-none-eabi/12.3.1/thumb/v7e-m+fp/hard/crti.o
                0x08009b50                _fini
 .fini          0x08009b54        0x8 d:/stm32/toolchain/12.3 rel1/bin/../lib/gcc/arm-none-eabi/12.3.1/thumb/v7e-m+fp/hard/crtn.o
                0x08009b5c                        . = ALIGN (0x4)
                0x08009b5c                        _etext = .

.vfp11_veneer   0x08009b5c        0x0
 .vfp11_veneer  0x08009b5c        0x0 linker stubs

.v4_bx          0x08009b5c        0x0
 .v4_bx         0x08009b5c        0x0 linker stubs

.iplt           0x08009b5c        0x0
 .iplt          0x08009b5c        0x0 d:/stm32/toolchain/12.3 rel1/bin/../lib/gcc/arm-none-eabi/12.3.1/thumb/v7e-m+fp/hard/crtbegin.o

.rodata         0x08009b60      0x400
                0x08009b60                        . = ALIGN (0x4)
 *(.rodata)
 .rodata        0x08009b60        0x5 D:/FirmwareEmbedded/build/tasks.o
 *fill*         0x08009b65        0x3 
 .rodata        0x08009b68       0x83 D:/FirmwareEmbedded/build/main.o
 *(.rodata*)
 .rodata._printf_float.str1.1
                0x08009beb       0x12 d:/stm32/toolchain/12.3 rel1/bin/../lib/gcc/arm-none-eabi/12.3.1/thumb/v7e-m+fp/hard\libc_nano.a(libc_a-nano-vfprintf_float.o)
 .rodata._printf_i.str1.1
                0x08009bfd       0x22 d:/stm32/toolchain/12.3 rel1/bin/../lib/gcc/arm-none-eabi/12.3.1/thumb/v7e-m+fp/hard\libc_nano.a(libc_a-nano-vfprintf_i.o)
 .rodata._dtoa_r.str1.1
                0x08009c1f       0x8e d:/stm32/toolchain/12.3 rel1/bin/../lib/gcc/arm-none-eabi/12.3.1/thumb/v7e-m+fp/hard\libc_nano.a(libc_a-dtoa.o)
                                 0x90 (size before relaxing)
 .rodata._Balloc.str1.1
                0x08009cad       0x5a d:/stm32/toolchain/12.3 rel1/bin/../lib/gcc/arm-none-eabi/12.3.1/thumb/v7e-m+fp/hard\libc_nano.a(libc_a-mprec.o)
                                 0x71 (size before relaxing)
 .rodata.__multadd.str1.1
                0x08009d07       0x11 d:/stm32/toolchain/12.3 rel1/bin/../lib/gcc/arm-none-eabi/12.3.1/thumb/v7e-m+fp/hard\libc_nano.a(libc_a-mprec.o)
 *fill*         0x08009d07        0x1 
 .rodata.p05.0  0x08009d08        0xc d:/stm32/toolchain/12.3 rel1/bin/../lib/gcc/arm-none-eabi/12.3.1/thumb/v7e-m+fp/hard\libc_nano.a(libc_a-mprec.o)
 *fill*         0x08009d14        0x4 
 .rodata.__mprec_bigtens
                0x08009d18       0x28 d:/stm32/toolchain/12.3 rel1/bin/../lib/gcc/arm-none-eabi/12.3.1/thumb/v7e-m+fp/hard\libc_nano.a(libc_a-mprec.o)
                0x08009d18                __mprec_bigtens
 .rodata.__mprec_tens
                0x08009d40       0xc8 d:/stm32/toolchain/12.3 rel1/bin/../lib/gcc/arm-none-eabi/12.3.1/thumb/v7e-m+fp/hard\libc_nano.a(libc_a-mprec.o)
                0x08009d40                __mprec_tens
 .rodata._svfprintf_r.str1.1
                0x08009e08       0x11 d:/stm32/toolchain/12.3 rel1/bin/../lib/gcc/arm-none-eabi/12.3.1/thumb/v7e-m+fp/hard\libc_nano.a(libc_a-nano-svfprintf.o)
 .rodata._setlocale_r.str1.1
                0x08009e19        0x8 d:/stm32/toolchain/12.3 rel1/bin/../lib/gcc/arm-none-eabi/12.3.1/thumb/v7e-m+fp/hard\libc_nano.a(libc_a-locale.o)
                                  0x9 (size before relaxing)
 .rodata.str1.1
                0x08009e21        0x2 d:/stm32/toolchain/12.3 rel1/bin/../lib/gcc/arm-none-eabi/12.3.1/thumb/v7e-m+fp/hard\libc_nano.a(libc_a-locale.o)
 .rodata.__assert_func.str1.1
                0x08009e23       0x3c d:/stm32/toolchain/12.3 rel1/bin/../lib/gcc/arm-none-eabi/12.3.1/thumb/v7e-m+fp/hard\libc_nano.a(libc_a-assert.o)
                                 0x3d (size before relaxing)
 .rodata._ctype_
                0x08009e5f      0x101 d:/stm32/toolchain/12.3 rel1/bin/../lib/gcc/arm-none-eabi/12.3.1/thumb/v7e-m+fp/hard\libc_nano.a(libc_a-ctype_.o)
                0x08009e5f                _ctype_
 .rodata._vfprintf_r.str1.1
                0x08009f60       0x11 d:/stm32/toolchain/12.3 rel1/bin/../lib/gcc/arm-none-eabi/12.3.1/thumb/v7e-m+fp/hard\libc_nano.a(libc_a-nano-vfprintf.o)
                0x08009f74                        . = ALIGN (0x4)

.ARM.extab      0x08009f60        0x0
                0x08009f60                        . = ALIGN (0x4)
 *(.ARM.extab* .gnu.linkonce.armextab.*)
                0x08009f60                        . = ALIGN (0x4)

.ARM            0x08009f60        0x8
                0x08009f60                        . = ALIGN (0x4)
                0x08009f60                        __exidx_start = .
 *(.ARM.exidx*)
 .ARM.exidx     0x08009f60        0x8 d:/stm32/toolchain/12.3 rel1/bin/../lib/gcc/arm-none-eabi/12.3.1/thumb/v7e-m+fp/hard\libc_nano.a(libc_a-memchr.o)
 .ARM.exidx     0x08009f68        0x0 d:/stm32/toolchain/12.3 rel1/bin/../lib/gcc/arm-none-eabi/12.3.1/thumb/v7e-m+fp/hard\libc_nano.a(libc_a-strlen.o)
                                  0x8 (size before relaxing)
                0x08009f68                        __exidx_end = .
                0x08009f68                        . = ALIGN (0x4)

.rel.dyn        0x08009f68        0x0
 .rel.iplt      0x08009f68        0x0 d:/stm32/toolchain/12.3 rel1/bin/../lib/gcc/arm-none-eabi/12.3.1/thumb/v7e-m+fp/hard/crtbegin.o

.preinit_array  0x08009f68        0x0
                0x08009f68                        . = ALIGN (0x4)
                0x08009f68                        PROVIDE (__preinit_array_start = .)
 *(.preinit_array*)
                0x08009f68                        PROVIDE (__preinit_array_end = .)
                0x08009f68                        . = ALIGN (0x4)

.init_array     0x08009f68        0x4
                0x08009f68                        . = ALIGN (0x4)
                0x08009f68                        PROVIDE (__init_array_start = .)
 *(SORT_BY_NAME(.init_array.*))
 *(.init_array*)
 .init_array    0x08009f68        0x4 d:/stm32/toolchain/12.3 rel1/bin/../lib/gcc/arm-none-eabi/12.3.1/thumb/v7e-m+fp/hard/crtbegin.o
                0x08009f6c                        PROVIDE (__init_array_end = .)
                0x08009f6c                        . = ALIGN (0x4)

.fini_array     0x08009f6c        0x4
                0x08009f6c                        . = ALIGN (0x4)
                [!provide]                        PROVIDE (__fini_array_start = .)
 *(SORT_BY_NAME(.fini_array.*))
 *(.fini_array*)
 .fini_array    0x08009f6c        0x4 d:/stm32/toolchain/12.3 rel1/bin/../lib/gcc/arm-none-eabi/12.3.1/thumb/v7e-m+fp/hard/crtbegin.o
                [!provide]                        PROVIDE (__fini_array_end = .)
                0x08009f70                        . = ALIGN (0x4)
                0x08009f70                        _sidata = LOADADDR (.data)

.data           0x20000000      0x1d0 load address 0x08009f70
                0x20000000                        . = ALIGN (0x4)
                0x20000000                        _sdata = .
 *(.data)
 .data          0x20000000        0x4 D:/FirmwareEmbedded/build/port.o
 .data          0x20000004        0x4 D:/FirmwareEmbedded/build/tasks.o
                0x20000004                uxTopUsedPriority
 *(.data*)
 .data.__sglue  0x20000008        0xc d:/stm32/toolchain/12.3 rel1/bin/../lib/gcc/arm-none-eabi/12.3.1/thumb/v7e-m+fp/hard\libc_nano.a(libc_a-findfp.o)
                0x20000008                __sglue
 .data._impure_ptr
                0x20000014        0x4 d:/stm32/toolchain/12.3 rel1/bin/../lib/gcc/arm-none-eabi/12.3.1/thumb/v7e-m+fp/hard\libc_nano.a(libc_a-impure.o)
                0x20000014                _impure_ptr
 .data._impure_data
                0x20000018       0x4c d:/stm32/toolchain/12.3 rel1/bin/../lib/gcc/arm-none-eabi/12.3.1/thumb/v7e-m+fp/hard\libc_nano.a(libc_a-impure.o)
                0x20000018                _impure_data
 .data.__global_locale
                0x20000064      0x16c d:/stm32/toolchain/12.3 rel1/bin/../lib/gcc/arm-none-eabi/12.3.1/thumb/v7e-m+fp/hard\libc_nano.a(libc_a-locale.o)
                0x20000064                __global_locale
 *(.RamFunc)
 *(.RamFunc*)
                0x200001d0                        . = ALIGN (0x4)
                0x200001d0                        _edata = .

.tm_clone_table
                0x200001d0        0x0 load address 0x0800a140
 .tm_clone_table
                0x200001d0        0x0 d:/stm32/toolchain/12.3 rel1/bin/../lib/gcc/arm-none-eabi/12.3.1/thumb/v7e-m+fp/hard/crtbegin.o
 .tm_clone_table
                0x200001d0        0x0 d:/stm32/toolchain/12.3 rel1/bin/../lib/gcc/arm-none-eabi/12.3.1/thumb/v7e-m+fp/hard/crtend.o

.igot.plt       0x200001d0        0x0 load address 0x0800a140
 .igot.plt      0x200001d0        0x0 d:/stm32/toolchain/12.3 rel1/bin/../lib/gcc/arm-none-eabi/12.3.1/thumb/v7e-m+fp/hard/crtbegin.o
                0x200001d0                        . = ALIGN (0x4)

.bss            0x200001d0    0x12f0c load address 0x0800a140
                0x200001d0                        _sbss = .
                0x200001d0                        __bss_start__ = _sbss
 *(.bss)
 .bss           0x200001d0    0x12c1c D:/FirmwareEmbedded/build/heap.o
 .bss           0x20012dec        0x8 D:/FirmwareEmbedded/build/port.o
 .bss           0x20012df4      0x104 D:/FirmwareEmbedded/build/tasks.o
                0x20012df4                pxCurrentTCB
 .bss           0x20012ef8       0x40 D:/FirmwareEmbedded/build/queue.o
                0x20012ef8                xQueueRegistry
 .bss           0x20012f38       0x24 D:/FirmwareEmbedded/build/Usart.o
                0x20012f38                recv_data
                0x20012f58                rx_index
 .bss           0x20012f5c        0x4 D:/FirmwareEmbedded/build/Delay.o
                0x20012f5c                tim1_cnt
 .bss           0x20012f60       0x10 D:/FirmwareEmbedded/build/main.o
                0x20012f60                temp_queue
                0x20012f64                temp_event
                0x20012f68                uart_lock
                0x20012f6c                commom_memory
 *(.bss*)
 .bss.completed.1
                0x20012f70        0x1 d:/stm32/toolchain/12.3 rel1/bin/../lib/gcc/arm-none-eabi/12.3.1/thumb/v7e-m+fp/hard/crtbegin.o
 *fill*         0x20012f71        0x3 
 .bss.object.0  0x20012f74       0x18 d:/stm32/toolchain/12.3 rel1/bin/../lib/gcc/arm-none-eabi/12.3.1/thumb/v7e-m+fp/hard/crtbegin.o
 .bss.__sf      0x20012f8c      0x138 d:/stm32/toolchain/12.3 rel1/bin/../lib/gcc/arm-none-eabi/12.3.1/thumb/v7e-m+fp/hard\libc_nano.a(libc_a-findfp.o)
                0x20012f8c                __sf
 .bss.__stdio_exit_handler
                0x200130c4        0x4 d:/stm32/toolchain/12.3 rel1/bin/../lib/gcc/arm-none-eabi/12.3.1/thumb/v7e-m+fp/hard\libc_nano.a(libc_a-findfp.o)
                0x200130c4                __stdio_exit_handler
 .bss.errno     0x200130c8        0x4 d:/stm32/toolchain/12.3 rel1/bin/../lib/gcc/arm-none-eabi/12.3.1/thumb/v7e-m+fp/hard\libc_nano.a(libc_a-reent.o)
                0x200130c8                errno
 .bss.__lock___malloc_recursive_mutex
                0x200130cc        0x1 d:/stm32/toolchain/12.3 rel1/bin/../lib/gcc/arm-none-eabi/12.3.1/thumb/v7e-m+fp/hard\libc_nano.a(libc_a-lock.o)
                0x200130cc                __lock___malloc_recursive_mutex
 .bss.__lock___sfp_recursive_mutex
                0x200130cd        0x1 d:/stm32/toolchain/12.3 rel1/bin/../lib/gcc/arm-none-eabi/12.3.1/thumb/v7e-m+fp/hard\libc_nano.a(libc_a-lock.o)
                0x200130cd                __lock___sfp_recursive_mutex
 *fill*         0x200130ce        0x2 
 .bss.__malloc_sbrk_start
                0x200130d0        0x4 d:/stm32/toolchain/12.3 rel1/bin/../lib/gcc/arm-none-eabi/12.3.1/thumb/v7e-m+fp/hard\libc_nano.a(libc_a-mallocr.o)
                0x200130d0                __malloc_sbrk_start
 .bss.__malloc_free_list
                0x200130d4        0x4 d:/stm32/toolchain/12.3 rel1/bin/../lib/gcc/arm-none-eabi/12.3.1/thumb/v7e-m+fp/hard\libc_nano.a(libc_a-mallocr.o)
                0x200130d4                __malloc_free_list
 .bss.heap_end.0
                0x200130d8        0x4 d:/stm32/toolchain/12.3 rel1/bin/../lib/gcc/arm-none-eabi/12.3.1/thumb/v7e-m+fp/hard\libnosys.a(sbrk.o)
 *(COMMON)
                0x200130dc                        . = ALIGN (0x4)
                0x200130dc                        _ebss = .
                0x200130dc                        __bss_end__ = _ebss

._user_heap_stack
                0x200130dc      0x604 load address 0x0800a140
                0x200130e0                        . = ALIGN (0x8)
 *fill*         0x200130dc        0x4 
                0x200130e0                        PROVIDE (end = .)
                [!provide]                        PROVIDE (_end = .)
                0x200132e0                        . = (. + _Min_Heap_Size)
 *fill*         0x200130e0      0x200 
                0x200136e0                        . = (. + _Min_Stack_Size)
 *fill*         0x200132e0      0x400 
                0x200136e0                        . = ALIGN (0x8)

/DISCARD/
 libc.a(*)
 libm.a(*)
 libgcc.a(*)

.ARM.attributes
                0x00000000       0x30
 *(.ARM.attributes)
 .ARM.attributes
                0x00000000       0x22 d:/stm32/toolchain/12.3 rel1/bin/../lib/gcc/arm-none-eabi/12.3.1/thumb/v7e-m+fp/hard/crti.o
 .ARM.attributes
                0x00000022       0x34 d:/stm32/toolchain/12.3 rel1/bin/../lib/gcc/arm-none-eabi/12.3.1/thumb/v7e-m+fp/hard/crtbegin.o
 .ARM.attributes
                0x00000056       0x34 D:/FirmwareEmbedded/build/heap.o
 .ARM.attributes
                0x0000008a       0x34 D:/FirmwareEmbedded/build/port.o
 .ARM.attributes
                0x000000be       0x34 D:/FirmwareEmbedded/build/tasks.o
 .ARM.attributes
                0x000000f2       0x34 D:/FirmwareEmbedded/build/queue.o
 .ARM.attributes
                0x00000126       0x34 D:/FirmwareEmbedded/build/list.o
 .ARM.attributes
                0x0000015a       0x34 D:/FirmwareEmbedded/build/event_groups.o
 .ARM.attributes
                0x0000018e       0x34 D:/FirmwareEmbedded/build/Usart.o
 .ARM.attributes
                0x000001c2       0x34 D:/FirmwareEmbedded/build/ADC.o
 .ARM.attributes
                0x000001f6       0x34 D:/FirmwareEmbedded/build/led.o
 .ARM.attributes
                0x0000022a       0x34 D:/FirmwareEmbedded/build/Delay.o
 .ARM.attributes
                0x0000025e       0x34 D:/FirmwareEmbedded/build/main.o
 .ARM.attributes
                0x00000292       0x21 D:/FirmwareEmbedded/build/startup.o
 .ARM.attributes
                0x000002b3       0x34 D:/FirmwareEmbedded/build/clock.o
 .ARM.attributes
                0x000002e7       0x22 d:/stm32/toolchain/12.3 rel1/bin/../lib/gcc/arm-none-eabi/12.3.1/thumb/v7e-m+fp/hard\libgcc.a(_arm_addsubdf3.o)
 .ARM.attributes
                0x00000309       0x22 d:/stm32/toolchain/12.3 rel1/bin/../lib/gcc/arm-none-eabi/12.3.1/thumb/v7e-m+fp/hard\libgcc.a(_arm_muldivdf3.o)
 .ARM.attributes
                0x0000032b       0x22 d:/stm32/toolchain/12.3 rel1/bin/../lib/gcc/arm-none-eabi/12.3.1/thumb/v7e-m+fp/hard\libgcc.a(_arm_truncdfsf2.o)
 .ARM.attributes
                0x0000034d       0x34 d:/stm32/toolchain/12.3 rel1/bin/../lib/gcc/arm-none-eabi/12.3.1/thumb/v7e-m+fp/hard\libc_nano.a(libc_a-nano-vfprintf_float.o)
 .ARM.attributes
                0x00000381       0x34 d:/stm32/toolchain/12.3 rel1/bin/../lib/gcc/arm-none-eabi/12.3.1/thumb/v7e-m+fp/hard\libc_nano.a(libc_a-nano-vfprintf_i.o)
 .ARM.attributes
                0x000003b5       0x34 d:/stm32/toolchain/12.3 rel1/bin/../lib/gcc/arm-none-eabi/12.3.1/thumb/v7e-m+fp/hard\libc_nano.a(libc_a-findfp.o)
 .ARM.attributes
                0x000003e9       0x34 d:/stm32/toolchain/12.3 rel1/bin/../lib/gcc/arm-none-eabi/12.3.1/thumb/v7e-m+fp/hard\libc_nano.a(libc_a-fwalk.o)
 .ARM.attributes
                0x0000041d       0x34 d:/stm32/toolchain/12.3 rel1/bin/../lib/gcc/arm-none-eabi/12.3.1/thumb/v7e-m+fp/hard\libc_nano.a(libc_a-stdio.o)
 .ARM.attributes
                0x00000451       0x34 d:/stm32/toolchain/12.3 rel1/bin/../lib/gcc/arm-none-eabi/12.3.1/thumb/v7e-m+fp/hard\libc_nano.a(libc_a-vsprintf.o)
 .ARM.attributes
                0x00000485       0x34 d:/stm32/toolchain/12.3 rel1/bin/../lib/gcc/arm-none-eabi/12.3.1/thumb/v7e-m+fp/hard\libc_nano.a(libc_a-memset.o)
 .ARM.attributes
                0x000004b9       0x34 d:/stm32/toolchain/12.3 rel1/bin/../lib/gcc/arm-none-eabi/12.3.1/thumb/v7e-m+fp/hard\libc_nano.a(libc_a-localeconv.o)
 .ARM.attributes
                0x000004ed       0x34 d:/stm32/toolchain/12.3 rel1/bin/../lib/gcc/arm-none-eabi/12.3.1/thumb/v7e-m+fp/hard\libc_nano.a(libc_a-closer.o)
 .ARM.attributes
                0x00000521       0x34 d:/stm32/toolchain/12.3 rel1/bin/../lib/gcc/arm-none-eabi/12.3.1/thumb/v7e-m+fp/hard\libc_nano.a(libc_a-reent.o)
 .ARM.attributes
                0x00000555       0x34 d:/stm32/toolchain/12.3 rel1/bin/../lib/gcc/arm-none-eabi/12.3.1/thumb/v7e-m+fp/hard\libc_nano.a(libc_a-impure.o)
 .ARM.attributes
                0x00000589       0x34 d:/stm32/toolchain/12.3 rel1/bin/../lib/gcc/arm-none-eabi/12.3.1/thumb/v7e-m+fp/hard\libc_nano.a(libc_a-lseekr.o)
 .ARM.attributes
                0x000005bd       0x34 d:/stm32/toolchain/12.3 rel1/bin/../lib/gcc/arm-none-eabi/12.3.1/thumb/v7e-m+fp/hard\libc_nano.a(libc_a-readr.o)
 .ARM.attributes
                0x000005f1       0x34 d:/stm32/toolchain/12.3 rel1/bin/../lib/gcc/arm-none-eabi/12.3.1/thumb/v7e-m+fp/hard\libc_nano.a(libc_a-writer.o)
 .ARM.attributes
                0x00000625       0x34 d:/stm32/toolchain/12.3 rel1/bin/../lib/gcc/arm-none-eabi/12.3.1/thumb/v7e-m+fp/hard\libc_nano.a(libc_a-init.o)
 .ARM.attributes
                0x00000659       0x34 d:/stm32/toolchain/12.3 rel1/bin/../lib/gcc/arm-none-eabi/12.3.1/thumb/v7e-m+fp/hard\libc_nano.a(libc_a-lock.o)
 .ARM.attributes
                0x0000068d       0x1c d:/stm32/toolchain/12.3 rel1/bin/../lib/gcc/arm-none-eabi/12.3.1/thumb/v7e-m+fp/hard\libc_nano.a(libc_a-memchr.o)
 .ARM.attributes
                0x000006a9       0x34 d:/stm32/toolchain/12.3 rel1/bin/../lib/gcc/arm-none-eabi/12.3.1/thumb/v7e-m+fp/hard\libc_nano.a(libc_a-memcpy-stub.o)
 .ARM.attributes
                0x000006dd       0x17 d:/stm32/toolchain/12.3 rel1/bin/../lib/gcc/arm-none-eabi/12.3.1/thumb/v7e-m+fp/hard\libc_nano.a(libc_a-strlen.o)
 .ARM.attributes
                0x000006f4       0x34 d:/stm32/toolchain/12.3 rel1/bin/../lib/gcc/arm-none-eabi/12.3.1/thumb/v7e-m+fp/hard\libc_nano.a(libc_a-dtoa.o)
 .ARM.attributes
                0x00000728       0x34 d:/stm32/toolchain/12.3 rel1/bin/../lib/gcc/arm-none-eabi/12.3.1/thumb/v7e-m+fp/hard\libc_nano.a(libc_a-freer.o)
 .ARM.attributes
                0x0000075c       0x34 d:/stm32/toolchain/12.3 rel1/bin/../lib/gcc/arm-none-eabi/12.3.1/thumb/v7e-m+fp/hard\libc_nano.a(libc_a-malloc.o)
 .ARM.attributes
                0x00000790       0x34 d:/stm32/toolchain/12.3 rel1/bin/../lib/gcc/arm-none-eabi/12.3.1/thumb/v7e-m+fp/hard\libc_nano.a(libc_a-mallocr.o)
 .ARM.attributes
                0x000007c4       0x34 d:/stm32/toolchain/12.3 rel1/bin/../lib/gcc/arm-none-eabi/12.3.1/thumb/v7e-m+fp/hard\libc_nano.a(libc_a-mlock.o)
 .ARM.attributes
                0x000007f8       0x34 d:/stm32/toolchain/12.3 rel1/bin/../lib/gcc/arm-none-eabi/12.3.1/thumb/v7e-m+fp/hard\libc_nano.a(libc_a-mprec.o)
 .ARM.attributes
                0x0000082c       0x34 d:/stm32/toolchain/12.3 rel1/bin/../lib/gcc/arm-none-eabi/12.3.1/thumb/v7e-m+fp/hard\libc_nano.a(libc_a-nano-svfprintf.o)
 .ARM.attributes
                0x00000860       0x34 d:/stm32/toolchain/12.3 rel1/bin/../lib/gcc/arm-none-eabi/12.3.1/thumb/v7e-m+fp/hard\libc_nano.a(libc_a-fflush.o)
 .ARM.attributes
                0x00000894       0x34 d:/stm32/toolchain/12.3 rel1/bin/../lib/gcc/arm-none-eabi/12.3.1/thumb/v7e-m+fp/hard\libc_nano.a(libc_a-memmove.o)
 .ARM.attributes
                0x000008c8       0x34 d:/stm32/toolchain/12.3 rel1/bin/../lib/gcc/arm-none-eabi/12.3.1/thumb/v7e-m+fp/hard\libc_nano.a(libc_a-locale.o)
 .ARM.attributes
                0x000008fc       0x34 d:/stm32/toolchain/12.3 rel1/bin/../lib/gcc/arm-none-eabi/12.3.1/thumb/v7e-m+fp/hard\libc_nano.a(libc_a-sbrkr.o)
 .ARM.attributes
                0x00000930       0x34 d:/stm32/toolchain/12.3 rel1/bin/../lib/gcc/arm-none-eabi/12.3.1/thumb/v7e-m+fp/hard\libc_nano.a(libc_a-assert.o)
 .ARM.attributes
                0x00000964       0x34 d:/stm32/toolchain/12.3 rel1/bin/../lib/gcc/arm-none-eabi/12.3.1/thumb/v7e-m+fp/hard\libc_nano.a(libc_a-callocr.o)
 .ARM.attributes
                0x00000998       0x34 d:/stm32/toolchain/12.3 rel1/bin/../lib/gcc/arm-none-eabi/12.3.1/thumb/v7e-m+fp/hard\libc_nano.a(libc_a-mbtowc_r.o)
 .ARM.attributes
                0x000009cc       0x34 d:/stm32/toolchain/12.3 rel1/bin/../lib/gcc/arm-none-eabi/12.3.1/thumb/v7e-m+fp/hard\libc_nano.a(libc_a-reallocr.o)
 .ARM.attributes
                0x00000a00       0x34 d:/stm32/toolchain/12.3 rel1/bin/../lib/gcc/arm-none-eabi/12.3.1/thumb/v7e-m+fp/hard\libc_nano.a(libc_a-wctomb_r.o)
 .ARM.attributes
                0x00000a34       0x34 d:/stm32/toolchain/12.3 rel1/bin/../lib/gcc/arm-none-eabi/12.3.1/thumb/v7e-m+fp/hard\libc_nano.a(libc_a-ctype_.o)
 .ARM.attributes
                0x00000a68       0x34 d:/stm32/toolchain/12.3 rel1/bin/../lib/gcc/arm-none-eabi/12.3.1/thumb/v7e-m+fp/hard\libc_nano.a(libc_a-fprintf.o)
 .ARM.attributes
                0x00000a9c       0x34 d:/stm32/toolchain/12.3 rel1/bin/../lib/gcc/arm-none-eabi/12.3.1/thumb/v7e-m+fp/hard\libc_nano.a(libc_a-abort.o)
 .ARM.attributes
                0x00000ad0       0x34 d:/stm32/toolchain/12.3 rel1/bin/../lib/gcc/arm-none-eabi/12.3.1/thumb/v7e-m+fp/hard\libc_nano.a(libc_a-msizer.o)
 .ARM.attributes
                0x00000b04       0x34 d:/stm32/toolchain/12.3 rel1/bin/../lib/gcc/arm-none-eabi/12.3.1/thumb/v7e-m+fp/hard\libc_nano.a(libc_a-nano-vfprintf.o)
 .ARM.attributes
                0x00000b38       0x34 d:/stm32/toolchain/12.3 rel1/bin/../lib/gcc/arm-none-eabi/12.3.1/thumb/v7e-m+fp/hard\libc_nano.a(libc_a-wbuf.o)
 .ARM.attributes
                0x00000b6c       0x34 d:/stm32/toolchain/12.3 rel1/bin/../lib/gcc/arm-none-eabi/12.3.1/thumb/v7e-m+fp/hard\libc_nano.a(libc_a-wsetup.o)
 .ARM.attributes
                0x00000ba0       0x34 d:/stm32/toolchain/12.3 rel1/bin/../lib/gcc/arm-none-eabi/12.3.1/thumb/v7e-m+fp/hard\libc_nano.a(libc_a-signal.o)
 .ARM.attributes
                0x00000bd4       0x34 d:/stm32/toolchain/12.3 rel1/bin/../lib/gcc/arm-none-eabi/12.3.1/thumb/v7e-m+fp/hard\libc_nano.a(libc_a-signalr.o)
 .ARM.attributes
                0x00000c08       0x34 d:/stm32/toolchain/12.3 rel1/bin/../lib/gcc/arm-none-eabi/12.3.1/thumb/v7e-m+fp/hard\libc_nano.a(libc_a-makebuf.o)
 .ARM.attributes
                0x00000c3c       0x34 d:/stm32/toolchain/12.3 rel1/bin/../lib/gcc/arm-none-eabi/12.3.1/thumb/v7e-m+fp/hard\libc_nano.a(libc_a-fstatr.o)
 .ARM.attributes
                0x00000c70       0x34 d:/stm32/toolchain/12.3 rel1/bin/../lib/gcc/arm-none-eabi/12.3.1/thumb/v7e-m+fp/hard\libc_nano.a(libc_a-isattyr.o)
 .ARM.attributes
                0x00000ca4       0x22 d:/stm32/toolchain/12.3 rel1/bin/../lib/gcc/arm-none-eabi/12.3.1/thumb/v7e-m+fp/hard\libgcc.a(_arm_cmpdf2.o)
 .ARM.attributes
                0x00000cc6       0x22 d:/stm32/toolchain/12.3 rel1/bin/../lib/gcc/arm-none-eabi/12.3.1/thumb/v7e-m+fp/hard\libgcc.a(_arm_unorddf2.o)
 .ARM.attributes
                0x00000ce8       0x22 d:/stm32/toolchain/12.3 rel1/bin/../lib/gcc/arm-none-eabi/12.3.1/thumb/v7e-m+fp/hard\libgcc.a(_arm_fixdfsi.o)
 .ARM.attributes
                0x00000d0a       0x34 d:/stm32/toolchain/12.3 rel1/bin/../lib/gcc/arm-none-eabi/12.3.1/thumb/v7e-m+fp/hard\libnosys.a(close.o)
 .ARM.attributes
                0x00000d3e       0x34 d:/stm32/toolchain/12.3 rel1/bin/../lib/gcc/arm-none-eabi/12.3.1/thumb/v7e-m+fp/hard\libnosys.a(fstat.o)
 .ARM.attributes
                0x00000d72       0x34 d:/stm32/toolchain/12.3 rel1/bin/../lib/gcc/arm-none-eabi/12.3.1/thumb/v7e-m+fp/hard\libnosys.a(getpid.o)
 .ARM.attributes
                0x00000da6       0x34 d:/stm32/toolchain/12.3 rel1/bin/../lib/gcc/arm-none-eabi/12.3.1/thumb/v7e-m+fp/hard\libnosys.a(isatty.o)
 .ARM.attributes
                0x00000dda       0x34 d:/stm32/toolchain/12.3 rel1/bin/../lib/gcc/arm-none-eabi/12.3.1/thumb/v7e-m+fp/hard\libnosys.a(kill.o)
 .ARM.attributes
                0x00000e0e       0x34 d:/stm32/toolchain/12.3 rel1/bin/../lib/gcc/arm-none-eabi/12.3.1/thumb/v7e-m+fp/hard\libnosys.a(lseek.o)
 .ARM.attributes
                0x00000e42       0x34 d:/stm32/toolchain/12.3 rel1/bin/../lib/gcc/arm-none-eabi/12.3.1/thumb/v7e-m+fp/hard\libnosys.a(read.o)
 .ARM.attributes
                0x00000e76       0x34 d:/stm32/toolchain/12.3 rel1/bin/../lib/gcc/arm-none-eabi/12.3.1/thumb/v7e-m+fp/hard\libnosys.a(sbrk.o)
 .ARM.attributes
                0x00000eaa       0x34 d:/stm32/toolchain/12.3 rel1/bin/../lib/gcc/arm-none-eabi/12.3.1/thumb/v7e-m+fp/hard\libnosys.a(write.o)
 .ARM.attributes
                0x00000ede       0x34 d:/stm32/toolchain/12.3 rel1/bin/../lib/gcc/arm-none-eabi/12.3.1/thumb/v7e-m+fp/hard\libnosys.a(_exit.o)
 .ARM.attributes
                0x00000f12       0x34 d:/stm32/toolchain/12.3 rel1/bin/../lib/gcc/arm-none-eabi/12.3.1/thumb/v7e-m+fp/hard/crtend.o
 .ARM.attributes
                0x00000f46       0x22 d:/stm32/toolchain/12.3 rel1/bin/../lib/gcc/arm-none-eabi/12.3.1/thumb/v7e-m+fp/hard/crtn.o
OUTPUT(build/blink_led.elf elf32-littlearm)
LOAD linker stubs
LOAD d:/stm32/toolchain/12.3 rel1/bin/../lib/gcc/arm-none-eabi/12.3.1/thumb/v7e-m+fp/hard\libc.a
LOAD d:/stm32/toolchain/12.3 rel1/bin/../lib/gcc/arm-none-eabi/12.3.1/thumb/v7e-m+fp/hard\libm.a
LOAD d:/stm32/toolchain/12.3 rel1/bin/../lib/gcc/arm-none-eabi/12.3.1/thumb/v7e-m+fp/hard\libgcc.a

.comment        0x00000000       0x45
 .comment       0x00000000       0x45 D:/FirmwareEmbedded/build/heap.o
                                 0x46 (size before relaxing)
 .comment       0x00000045       0x46 D:/FirmwareEmbedded/build/port.o
 .comment       0x00000045       0x46 D:/FirmwareEmbedded/build/tasks.o
 .comment       0x00000045       0x46 D:/FirmwareEmbedded/build/queue.o
 .comment       0x00000045       0x46 D:/FirmwareEmbedded/build/list.o
 .comment       0x00000045       0x46 D:/FirmwareEmbedded/build/event_groups.o
 .comment       0x00000045       0x46 D:/FirmwareEmbedded/build/Usart.o
 .comment       0x00000045       0x46 D:/FirmwareEmbedded/build/ADC.o
 .comment       0x00000045       0x46 D:/FirmwareEmbedded/build/led.o
 .comment       0x00000045       0x46 D:/FirmwareEmbedded/build/Delay.o
 .comment       0x00000045       0x46 D:/FirmwareEmbedded/build/main.o
 .comment       0x00000045       0x46 D:/FirmwareEmbedded/build/clock.o

.debug_line_str
                0x00000000      0x1c2
 .debug_line_str
                0x00000000       0xce d:/stm32/toolchain/12.3 rel1/bin/../lib/gcc/arm-none-eabi/12.3.1/thumb/v7e-m+fp/hard\libgcc.a(_arm_addsubdf3.o)
 .debug_line_str
                0x000000ce       0xce d:/stm32/toolchain/12.3 rel1/bin/../lib/gcc/arm-none-eabi/12.3.1/thumb/v7e-m+fp/hard\libgcc.a(_arm_muldivdf3.o)
 .debug_line_str
                0x000000ce       0xce d:/stm32/toolchain/12.3 rel1/bin/../lib/gcc/arm-none-eabi/12.3.1/thumb/v7e-m+fp/hard\libgcc.a(_arm_truncdfsf2.o)
 .debug_line_str
                0x000000ce       0xe1 d:/stm32/toolchain/12.3 rel1/bin/../lib/gcc/arm-none-eabi/12.3.1/thumb/v7e-m+fp/hard\libc_nano.a(libc_a-memchr.o)
 .debug_line_str
                0x000001af       0x13 d:/stm32/toolchain/12.3 rel1/bin/../lib/gcc/arm-none-eabi/12.3.1/thumb/v7e-m+fp/hard\libc_nano.a(libc_a-strlen.o)
                                 0xeb (size before relaxing)
 .debug_line_str
                0x000001c2       0xce d:/stm32/toolchain/12.3 rel1/bin/../lib/gcc/arm-none-eabi/12.3.1/thumb/v7e-m+fp/hard\libgcc.a(_arm_cmpdf2.o)
 .debug_line_str
                0x000001c2       0xce d:/stm32/toolchain/12.3 rel1/bin/../lib/gcc/arm-none-eabi/12.3.1/thumb/v7e-m+fp/hard\libgcc.a(_arm_unorddf2.o)
 .debug_line_str
                0x000001c2       0xce d:/stm32/toolchain/12.3 rel1/bin/../lib/gcc/arm-none-eabi/12.3.1/thumb/v7e-m+fp/hard\libgcc.a(_arm_fixdfsi.o)

.debug_frame    0x00000000     0x12c4
 .debug_frame   0x00000000       0xac d:/stm32/toolchain/12.3 rel1/bin/../lib/gcc/arm-none-eabi/12.3.1/thumb/v7e-m+fp/hard\libgcc.a(_arm_addsubdf3.o)
 .debug_frame   0x000000ac       0x50 d:/stm32/toolchain/12.3 rel1/bin/../lib/gcc/arm-none-eabi/12.3.1/thumb/v7e-m+fp/hard\libgcc.a(_arm_muldivdf3.o)
 .debug_frame   0x000000fc       0x24 d:/stm32/toolchain/12.3 rel1/bin/../lib/gcc/arm-none-eabi/12.3.1/thumb/v7e-m+fp/hard\libgcc.a(_arm_truncdfsf2.o)
 .debug_frame   0x00000120       0x94 d:/stm32/toolchain/12.3 rel1/bin/../lib/gcc/arm-none-eabi/12.3.1/thumb/v7e-m+fp/hard\libc_nano.a(libc_a-nano-vfprintf_float.o)
 .debug_frame   0x000001b4       0x60 d:/stm32/toolchain/12.3 rel1/bin/../lib/gcc/arm-none-eabi/12.3.1/thumb/v7e-m+fp/hard\libc_nano.a(libc_a-nano-vfprintf_i.o)
 .debug_frame   0x00000214      0x144 d:/stm32/toolchain/12.3 rel1/bin/../lib/gcc/arm-none-eabi/12.3.1/thumb/v7e-m+fp/hard\libc_nano.a(libc_a-findfp.o)
 .debug_frame   0x00000358       0x34 d:/stm32/toolchain/12.3 rel1/bin/../lib/gcc/arm-none-eabi/12.3.1/thumb/v7e-m+fp/hard\libc_nano.a(libc_a-fwalk.o)
 .debug_frame   0x0000038c       0x88 d:/stm32/toolchain/12.3 rel1/bin/../lib/gcc/arm-none-eabi/12.3.1/thumb/v7e-m+fp/hard\libc_nano.a(libc_a-stdio.o)
 .debug_frame   0x00000414       0x3c d:/stm32/toolchain/12.3 rel1/bin/../lib/gcc/arm-none-eabi/12.3.1/thumb/v7e-m+fp/hard\libc_nano.a(libc_a-vsprintf.o)
 .debug_frame   0x00000450       0x20 d:/stm32/toolchain/12.3 rel1/bin/../lib/gcc/arm-none-eabi/12.3.1/thumb/v7e-m+fp/hard\libc_nano.a(libc_a-memset.o)
 .debug_frame   0x00000470       0x40 d:/stm32/toolchain/12.3 rel1/bin/../lib/gcc/arm-none-eabi/12.3.1/thumb/v7e-m+fp/hard\libc_nano.a(libc_a-localeconv.o)
 .debug_frame   0x000004b0       0x2c d:/stm32/toolchain/12.3 rel1/bin/../lib/gcc/arm-none-eabi/12.3.1/thumb/v7e-m+fp/hard\libc_nano.a(libc_a-closer.o)
 .debug_frame   0x000004dc       0x38 d:/stm32/toolchain/12.3 rel1/bin/../lib/gcc/arm-none-eabi/12.3.1/thumb/v7e-m+fp/hard\libc_nano.a(libc_a-reent.o)
 .debug_frame   0x00000514       0x2c d:/stm32/toolchain/12.3 rel1/bin/../lib/gcc/arm-none-eabi/12.3.1/thumb/v7e-m+fp/hard\libc_nano.a(libc_a-lseekr.o)
 .debug_frame   0x00000540       0x2c d:/stm32/toolchain/12.3 rel1/bin/../lib/gcc/arm-none-eabi/12.3.1/thumb/v7e-m+fp/hard\libc_nano.a(libc_a-readr.o)
 .debug_frame   0x0000056c       0x2c d:/stm32/toolchain/12.3 rel1/bin/../lib/gcc/arm-none-eabi/12.3.1/thumb/v7e-m+fp/hard\libc_nano.a(libc_a-writer.o)
 .debug_frame   0x00000598       0x2c d:/stm32/toolchain/12.3 rel1/bin/../lib/gcc/arm-none-eabi/12.3.1/thumb/v7e-m+fp/hard\libc_nano.a(libc_a-init.o)
 .debug_frame   0x000005c4       0xb0 d:/stm32/toolchain/12.3 rel1/bin/../lib/gcc/arm-none-eabi/12.3.1/thumb/v7e-m+fp/hard\libc_nano.a(libc_a-lock.o)
 .debug_frame   0x00000674       0x28 d:/stm32/toolchain/12.3 rel1/bin/../lib/gcc/arm-none-eabi/12.3.1/thumb/v7e-m+fp/hard\libc_nano.a(libc_a-memcpy-stub.o)
 .debug_frame   0x0000069c       0x6c d:/stm32/toolchain/12.3 rel1/bin/../lib/gcc/arm-none-eabi/12.3.1/thumb/v7e-m+fp/hard\libc_nano.a(libc_a-dtoa.o)
 .debug_frame   0x00000708       0x38 d:/stm32/toolchain/12.3 rel1/bin/../lib/gcc/arm-none-eabi/12.3.1/thumb/v7e-m+fp/hard\libc_nano.a(libc_a-freer.o)
 .debug_frame   0x00000740       0x30 d:/stm32/toolchain/12.3 rel1/bin/../lib/gcc/arm-none-eabi/12.3.1/thumb/v7e-m+fp/hard\libc_nano.a(libc_a-malloc.o)
 .debug_frame   0x00000770       0x50 d:/stm32/toolchain/12.3 rel1/bin/../lib/gcc/arm-none-eabi/12.3.1/thumb/v7e-m+fp/hard\libc_nano.a(libc_a-mallocr.o)
 .debug_frame   0x000007c0       0x30 d:/stm32/toolchain/12.3 rel1/bin/../lib/gcc/arm-none-eabi/12.3.1/thumb/v7e-m+fp/hard\libc_nano.a(libc_a-mlock.o)
 .debug_frame   0x000007f0      0x260 d:/stm32/toolchain/12.3 rel1/bin/../lib/gcc/arm-none-eabi/12.3.1/thumb/v7e-m+fp/hard\libc_nano.a(libc_a-mprec.o)
 .debug_frame   0x00000a50       0x90 d:/stm32/toolchain/12.3 rel1/bin/../lib/gcc/arm-none-eabi/12.3.1/thumb/v7e-m+fp/hard\libc_nano.a(libc_a-nano-svfprintf.o)
 .debug_frame   0x00000ae0       0x5c d:/stm32/toolchain/12.3 rel1/bin/../lib/gcc/arm-none-eabi/12.3.1/thumb/v7e-m+fp/hard\libc_nano.a(libc_a-fflush.o)
 .debug_frame   0x00000b3c       0x28 d:/stm32/toolchain/12.3 rel1/bin/../lib/gcc/arm-none-eabi/12.3.1/thumb/v7e-m+fp/hard\libc_nano.a(libc_a-memmove.o)
 .debug_frame   0x00000b64       0x48 d:/stm32/toolchain/12.3 rel1/bin/../lib/gcc/arm-none-eabi/12.3.1/thumb/v7e-m+fp/hard\libc_nano.a(libc_a-locale.o)
 .debug_frame   0x00000bac       0x2c d:/stm32/toolchain/12.3 rel1/bin/../lib/gcc/arm-none-eabi/12.3.1/thumb/v7e-m+fp/hard\libc_nano.a(libc_a-sbrkr.o)
 .debug_frame   0x00000bd8       0x40 d:/stm32/toolchain/12.3 rel1/bin/../lib/gcc/arm-none-eabi/12.3.1/thumb/v7e-m+fp/hard\libc_nano.a(libc_a-assert.o)
 .debug_frame   0x00000c18       0x2c d:/stm32/toolchain/12.3 rel1/bin/../lib/gcc/arm-none-eabi/12.3.1/thumb/v7e-m+fp/hard\libc_nano.a(libc_a-callocr.o)
 .debug_frame   0x00000c44       0x48 d:/stm32/toolchain/12.3 rel1/bin/../lib/gcc/arm-none-eabi/12.3.1/thumb/v7e-m+fp/hard\libc_nano.a(libc_a-mbtowc_r.o)
 .debug_frame   0x00000c8c       0x3c d:/stm32/toolchain/12.3 rel1/bin/../lib/gcc/arm-none-eabi/12.3.1/thumb/v7e-m+fp/hard\libc_nano.a(libc_a-reallocr.o)
 .debug_frame   0x00000cc8       0x3c d:/stm32/toolchain/12.3 rel1/bin/../lib/gcc/arm-none-eabi/12.3.1/thumb/v7e-m+fp/hard\libc_nano.a(libc_a-wctomb_r.o)
 .debug_frame   0x00000d04       0x64 d:/stm32/toolchain/12.3 rel1/bin/../lib/gcc/arm-none-eabi/12.3.1/thumb/v7e-m+fp/hard\libc_nano.a(libc_a-fprintf.o)
 .debug_frame   0x00000d68       0x28 d:/stm32/toolchain/12.3 rel1/bin/../lib/gcc/arm-none-eabi/12.3.1/thumb/v7e-m+fp/hard\libc_nano.a(libc_a-abort.o)
 .debug_frame   0x00000d90       0x20 d:/stm32/toolchain/12.3 rel1/bin/../lib/gcc/arm-none-eabi/12.3.1/thumb/v7e-m+fp/hard\libc_nano.a(libc_a-msizer.o)
 .debug_frame   0x00000db0       0xa8 d:/stm32/toolchain/12.3 rel1/bin/../lib/gcc/arm-none-eabi/12.3.1/thumb/v7e-m+fp/hard\libc_nano.a(libc_a-nano-vfprintf.o)
 .debug_frame   0x00000e58       0x40 d:/stm32/toolchain/12.3 rel1/bin/../lib/gcc/arm-none-eabi/12.3.1/thumb/v7e-m+fp/hard\libc_nano.a(libc_a-wbuf.o)
 .debug_frame   0x00000e98       0x2c d:/stm32/toolchain/12.3 rel1/bin/../lib/gcc/arm-none-eabi/12.3.1/thumb/v7e-m+fp/hard\libc_nano.a(libc_a-wsetup.o)
 .debug_frame   0x00000ec4       0xcc d:/stm32/toolchain/12.3 rel1/bin/../lib/gcc/arm-none-eabi/12.3.1/thumb/v7e-m+fp/hard\libc_nano.a(libc_a-signal.o)
 .debug_frame   0x00000f90       0x3c d:/stm32/toolchain/12.3 rel1/bin/../lib/gcc/arm-none-eabi/12.3.1/thumb/v7e-m+fp/hard\libc_nano.a(libc_a-signalr.o)
 .debug_frame   0x00000fcc       0x58 d:/stm32/toolchain/12.3 rel1/bin/../lib/gcc/arm-none-eabi/12.3.1/thumb/v7e-m+fp/hard\libc_nano.a(libc_a-makebuf.o)
 .debug_frame   0x00001024       0x2c d:/stm32/toolchain/12.3 rel1/bin/../lib/gcc/arm-none-eabi/12.3.1/thumb/v7e-m+fp/hard\libc_nano.a(libc_a-fstatr.o)
 .debug_frame   0x00001050       0x2c d:/stm32/toolchain/12.3 rel1/bin/../lib/gcc/arm-none-eabi/12.3.1/thumb/v7e-m+fp/hard\libc_nano.a(libc_a-isattyr.o)
 .debug_frame   0x0000107c       0xc4 d:/stm32/toolchain/12.3 rel1/bin/../lib/gcc/arm-none-eabi/12.3.1/thumb/v7e-m+fp/hard\libgcc.a(_arm_cmpdf2.o)
 .debug_frame   0x00001140       0x20 d:/stm32/toolchain/12.3 rel1/bin/../lib/gcc/arm-none-eabi/12.3.1/thumb/v7e-m+fp/hard\libgcc.a(_arm_unorddf2.o)
 .debug_frame   0x00001160       0x24 d:/stm32/toolchain/12.3 rel1/bin/../lib/gcc/arm-none-eabi/12.3.1/thumb/v7e-m+fp/hard\libgcc.a(_arm_fixdfsi.o)
 .debug_frame   0x00001184       0x20 d:/stm32/toolchain/12.3 rel1/bin/../lib/gcc/arm-none-eabi/12.3.1/thumb/v7e-m+fp/hard\libnosys.a(close.o)
 .debug_frame   0x000011a4       0x20 d:/stm32/toolchain/12.3 rel1/bin/../lib/gcc/arm-none-eabi/12.3.1/thumb/v7e-m+fp/hard\libnosys.a(fstat.o)
 .debug_frame   0x000011c4       0x20 d:/stm32/toolchain/12.3 rel1/bin/../lib/gcc/arm-none-eabi/12.3.1/thumb/v7e-m+fp/hard\libnosys.a(getpid.o)
 .debug_frame   0x000011e4       0x20 d:/stm32/toolchain/12.3 rel1/bin/../lib/gcc/arm-none-eabi/12.3.1/thumb/v7e-m+fp/hard\libnosys.a(isatty.o)
 .debug_frame   0x00001204       0x20 d:/stm32/toolchain/12.3 rel1/bin/../lib/gcc/arm-none-eabi/12.3.1/thumb/v7e-m+fp/hard\libnosys.a(kill.o)
 .debug_frame   0x00001224       0x20 d:/stm32/toolchain/12.3 rel1/bin/../lib/gcc/arm-none-eabi/12.3.1/thumb/v7e-m+fp/hard\libnosys.a(lseek.o)
 .debug_frame   0x00001244       0x20 d:/stm32/toolchain/12.3 rel1/bin/../lib/gcc/arm-none-eabi/12.3.1/thumb/v7e-m+fp/hard\libnosys.a(read.o)
 .debug_frame   0x00001264       0x20 d:/stm32/toolchain/12.3 rel1/bin/../lib/gcc/arm-none-eabi/12.3.1/thumb/v7e-m+fp/hard\libnosys.a(sbrk.o)
 .debug_frame   0x00001284       0x20 d:/stm32/toolchain/12.3 rel1/bin/../lib/gcc/arm-none-eabi/12.3.1/thumb/v7e-m+fp/hard\libnosys.a(write.o)
 .debug_frame   0x000012a4       0x20 d:/stm32/toolchain/12.3 rel1/bin/../lib/gcc/arm-none-eabi/12.3.1/thumb/v7e-m+fp/hard\libnosys.a(_exit.o)
